Archive member included because of file (symbol)

contiki-sky.a(contiki-sky-pla)
                              obj_sky/contiki-sky-main.o (init_platform)
contiki-sky.a(button-sensor.o)
                              contiki-sky.a(contiki-sky-pla) (button_sensor)
contiki-sky.a(ds2411.o)       obj_sky/contiki-sky-main.o (ds2411_init)
contiki-sky.a(xmem.o)         obj_sky/contiki-sky-main.o (xmem_init)
contiki-sky.a(node-id.o)      obj_sky/contiki-sky-main.o (node_id_restore)
contiki-sky.a(sensors.o)      contiki-sky.a(button-sensor.o) (sensors_changed)
contiki-sky.a(cc2420.o)       obj_sky/contiki-sky-main.o (cc2420_set_pan_addr)
contiki-sky.a(cc2420-arch.o)  contiki-sky.a(cc2420.o) (cc2420_arch_init)
contiki-sky.a(uart1.o)        obj_sky/contiki-sky-main.o (uart1_active)
contiki-sky.a(uart1-putchar.o)
                              obj_sky/contiki-sky-main.o (putchar)
contiki-sky.a(msp430.o)       contiki-sky.a(uart1.o) (msp430_add_lpm_req)
contiki-sky.a(clock.o)        obj_sky/contiki-sky-main.o (clock_init)
contiki-sky.a(leds.o)         obj_sky/contiki-sky-main.o (leds_init)
contiki-sky.a(leds-arch.o)    contiki-sky.a(leds.o) (leds_arch_init)
contiki-sky.a(watchdog.o)     obj_sky/contiki-sky-main.o (watchdog_start)
contiki-sky.a(rtimer-arch.o)  obj_sky/contiki-sky-main.o (rtimer_arch_now)
contiki-sky.a(ctimer.o)       obj_sky/contiki-sky-main.o (ctimer_init)
contiki-sky.a(autostart.o)    obj_sky/contiki-sky-main.o (autostart_start)
contiki-sky.a(energest.o)     obj_sky/contiki-sky-main.o (energest_init)
contiki-sky.a(etimer.o)       contiki-sky.a(clock.o) (etimer_request_poll)
contiki-sky.a(process.o)      contiki-sky.a(ctimer.o) (process_current)
contiki-sky.a(rtimer.o)       obj_sky/contiki-sky-main.o (rtimer_init)
contiki-sky.a(timer.o)        obj_sky/contiki-sky-main.o (timer_set)
contiki-sky.a(list.o)         contiki-sky.a(ctimer.o) (list_init)
contiki-sky.a(random.o)       obj_sky/contiki-sky-main.o (random_init)
contiki-sky.a(uip-ds6.o)      obj_sky/contiki-sky-main.o (uip_ds6_get_link_local)
contiki-sky.a(uip-ds6-route.o)
                              contiki-sky.a(uip-ds6.o) (uip_ds6_route_init)
contiki-sky.a(uip6.o)         obj_sky/contiki-sky-main.o (uip_lladdr)
contiki-sky.a(uip-ds6-nbr.o)  contiki-sky.a(uip-ds6.o) (uip_ds6_neighbors_init)
contiki-sky.a(uip-nd6.o)      contiki-sky.a(uip6.o) (uip_nd6_init)
contiki-sky.a(sicslowpan.o)   obj_sky/contiki-sky-main.o (sicslowpan_driver)
contiki-sky.a(uip-debug.o)    contiki-sky.a(uip-ds6-route.o) (uip_debug_ipaddr_print)
contiki-sky.a(tcpip.o)        contiki-sky.a(sicslowpan.o) (tcpip_set_outputfunc)
contiki-sky.a(rpl-dag.o)      contiki-sky.a(tcpip.o) (rpl_repair_root)
contiki-sky.a(rpl-timers.o)   contiki-sky.a(rpl-dag.o) (rpl_reset_dio_timer)
contiki-sky.a(rpl-ext-header.)
                              contiki-sky.a(uip6.o) (rpl_verify_hbh_header)
contiki-sky.a(rpl.o)          contiki-sky.a(rpl-timers.o) (rpl_get_mode)
contiki-sky.a(rpl-mrhof.o)    contiki-sky.a(rpl-dag.o) (rpl_mrhof)
contiki-sky.a(framer-802154.o)
                              contiki-sky.a(sicslowpan.o) (framer_802154)
contiki-sky.a(csma.o)         obj_sky/contiki-sky-main.o (csma_driver)
contiki-sky.a(frame802154.o)  contiki-sky.a(framer-802154.o) (frame802154_get_pan_id)
contiki-sky.a(mac.o)          contiki-sky.a(csma.o) (mac_call_sent_callback)
contiki-sky.a(queuebuf.o)     obj_sky/contiki-sky-main.o (queuebuf_init)
contiki-sky.a(nbr-table.o)    contiki-sky.a(uip-ds6-route.o) (nbr_table_register)
contiki-sky.a(packetbuf.o)    contiki-sky.a(framer-802154.o) (packetbuf_hdrreduce)
contiki-sky.a(linkaddr.o)     obj_sky/contiki-sky-main.o (linkaddr_copy)
contiki-sky.a(link-stats.o)   contiki-sky.a(rpl-dag.o) (link_stats_from_lladdr)
contiki-sky.a(contikimac.o)   obj_sky/contiki-sky-main.o (contikimac_driver)
contiki-sky.a(nullsec.o)      obj_sky/contiki-sky-main.o (nullsec_driver)
contiki-sky.a(spi.o)          contiki-sky.a(xmem.o) (spi_init)
contiki-sky.a(stimer.o)       contiki-sky.a(uip-ds6.o) (stimer_set)
contiki-sky.a(compower.o)     contiki-sky.a(contikimac.o) (compower_accumulate)
contiki-sky.a(memb.o)         contiki-sky.a(uip-ds6-route.o) (memb_init)
contiki-sky.a(uip-icmp6.o)    contiki-sky.a(uip6.o) (uip_icmp6_input)
contiki-sky.a(rpl-icmp6.o)    contiki-sky.a(rpl-dag.o) (rpl_icmp6_update_nbr_table)
contiki-sky.a(rpl-nbr-policy.)
                              contiki-sky.a(nbr-table.o) (rpl_nbr_policy_find_removable)
contiki-sky.a(mac-sequence.o)
                              contiki-sky.a(contikimac.o) (mac_sequence_is_duplicate)
/usr/lib/gcc/msp430/4.6.3/mmpy-16/libgcc.a(_mulsi3.o)
                              contiki-sky.a(rpl-timers.o) (__mulsi3)
/usr/lib/gcc/msp430/4.6.3/mmpy-16/libgcc.a(_udivmod16.o)
                              contiki-sky.a(rpl-dag.o) (__udivhi3)
/usr/lib/gcc/msp430/4.6.3/mmpy-16/libgcc.a(_divmod16.o)
                              contiki-sky.a(sicslowpan.o) (__divhi3)
/usr/lib/gcc/msp430/4.6.3/mmpy-16/libgcc.a(_udivmod32.o)
[...]
Memory Configuration

Name             Origin             Length             Attributes
sfr              0x0000000000000000 0x0000000000000010
peripheral_8bit  0x0000000000000010 0x00000000000000f0
peripheral_16bit 0x0000000000000100 0x0000000000000100
ram_mirror       0x0000000000000200 0x0000000000000800 xw
infomem          0x0000000000001000 0x0000000000000100
infob            0x0000000000001000 0x0000000000000080
infoa            0x0000000000001080 0x0000000000000080
ram              0x0000000000001100 0x0000000000002800 xw
rom              0x0000000000004000 0x000000000000bfe0 xr
vectors          0x000000000000ffe0 0x0000000000000020
bsl              0x0000000000000000 0x0000000000000000
infoc            0x0000000000000000 0x0000000000000000
infod            0x0000000000000000 0x0000000000000000
ram2             0x0000000000000000 0x0000000000000000 xw
usbram           0x0000000000000000 0x0000000000000000 xw
far_rom          0x0000000000000000 0x0000000000000000
*default*        0x0000000000000000 0xffffffffffffffff

Linker script and memory map

LOAD /usr/lib/gcc/msp430/4.6.3/mmpy-16/crt0ivtbl16.o
LOAD pollhandler.co
LOAD obj_sky/contiki-sky-main.o
LOAD contiki-sky.a
LOAD /usr/lib/gcc/msp430/4.6.3/mmpy-16/libgcc.a
LOAD /usr/lib/gcc/msp430/4.6.3/../../../../msp430/lib/mmpy-16/libc.a
LOAD /usr/lib/gcc/msp430/4.6.3/mmpy-16/libgcc.a
LOAD /usr/lib/gcc/msp430/4.6.3/mmpy-16/libcrt0.a
                0x0000000000000080                PROVIDE (__info_segment_size, 0x80)
                0x0000000000001000                PROVIDE (__infob, 0x1000)
                0x0000000000001080                PROVIDE (__infoa, 0x1080)
                0x0000000000000000                __IE1 = 0x0
                0x0000000000000002                __IFG1 = 0x2
                0x0000000000000004                __ME1 = 0x4
                0x0000000000000001                __IE2 = 0x1
                0x0000000000000003                __IFG2 = 0x3
                0x0000000000000005                __ME2 = 0x5
                0x0000000000000120                __WDTCTL = 0x120
                0x0000000000000130                __MPY = 0x130
                0x0000000000000132                __MPYS = 0x132
                0x0000000000000134                __MAC = 0x134
                0x0000000000000136                __MACS = 0x136
                0x0000000000000138                __OP2 = 0x138
                0x000000000000013a                __RESLO = 0x13a
                0x000000000000013c                __RESHI = 0x13c
                0x000000000000013e                __SUMEXT = 0x13e
                0x0000000000000020                __P1IN = 0x20
                0x0000000000000021                __P1OUT = 0x21
                0x0000000000000022                __P1DIR = 0x22
                0x0000000000000023                __P1IFG = 0x23
                0x0000000000000024                __P1IES = 0x24
                0x0000000000000025                __P1IE = 0x25
                0x0000000000000026                __P1SEL = 0x26
                0x0000000000000028                __P2IN = 0x28
                0x0000000000000029                __P2OUT = 0x29
                0x000000000000002a                __P2DIR = 0x2a
                0x000000000000002b                __P2IFG = 0x2b
                0x000000000000002c                __P2IES = 0x2c
                0x000000000000002d                __P2IE = 0x2d
                0x000000000000002e                __P2SEL = 0x2e
                0x0000000000000018                __P3IN = 0x18
                0x0000000000000019                __P3OUT = 0x19
                0x000000000000001a                __P3DIR = 0x1a
                0x000000000000001b                __P3SEL = 0x1b
                0x000000000000001c                __P4IN = 0x1c
                0x000000000000001d                __P4OUT = 0x1d
                0x000000000000001e                __P4DIR = 0x1e
                0x000000000000001f                __P4SEL = 0x1f
                0x0000000000000030                __P5IN = 0x30
                0x0000000000000031                __P5OUT = 0x31
                0x0000000000000032                __P5DIR = 0x32
                0x0000000000000033                __P5SEL = 0x33
                0x0000000000000034                __P6IN = 0x34
                0x0000000000000035                __P6OUT = 0x35
                0x0000000000000036                __P6DIR = 0x36
                0x0000000000000037                __P6SEL = 0x37
                0x0000000000000070                __U0CTL = 0x70
                0x0000000000000071                __U0TCTL = 0x71
                0x0000000000000072                __U0RCTL = 0x72
                0x0000000000000073                __U0MCTL = 0x73
                0x0000000000000074                __U0BR0 = 0x74
                0x0000000000000075                __U0BR1 = 0x75
                0x0000000000000076                __U0RXBUF = 0x76
                0x0000000000000077                __U0TXBUF = 0x77
                0x0000000000000078                __U1CTL = 0x78
                0x0000000000000079                __U1TCTL = 0x79
                0x000000000000007a                __U1RCTL = 0x7a
                0x000000000000007b                __U1MCTL = 0x7b
                0x000000000000007c                __U1BR0 = 0x7c
                0x000000000000007d                __U1BR1 = 0x7d
                0x000000000000007e                __U1RXBUF = 0x7e
                0x000000000000007f                __U1TXBUF = 0x7f
                0x0000000000000050                __I2CIE = 0x50
                0x0000000000000051                __I2CIFG = 0x51
                0x0000000000000052                __I2CNDAT = 0x52
                0x0000000000000071                __I2CTCTL = 0x71
                0x0000000000000072                __I2CDCTL = 0x72
                0x0000000000000073                __I2CPSC = 0x73
                0x0000000000000074                __I2CSCLH = 0x74
                0x0000000000000075                __I2CSCLL = 0x75
                0x0000000000000076                __I2CDRB = 0x76
                0x0000000000000076                __I2CDRW = 0x76
                0x0000000000000118                __I2COA = 0x118
                0x000000000000011a                __I2CSA = 0x11a
                0x000000000000011c                __I2CIV = 0x11c
                0x000000000000012e                __TAIV = 0x12e
                0x0000000000000160                __TACTL = 0x160
                0x0000000000000162                __TACCTL0 = 0x162
                0x0000000000000164                __TACCTL1 = 0x164
                0x0000000000000166                __TACCTL2 = 0x166
                0x0000000000000170                __TAR = 0x170
                0x0000000000000172                __TACCR0 = 0x172
                0x0000000000000174                __TACCR1 = 0x174
                0x0000000000000176                __TACCR2 = 0x176
                0x000000000000011e                __TBIV = 0x11e
                0x0000000000000180                __TBCTL = 0x180
                0x0000000000000182                __TBCCTL0 = 0x182
                0x0000000000000184                __TBCCTL1 = 0x184
                0x0000000000000186                __TBCCTL2 = 0x186
                0x0000000000000188                __TBCCTL3 = 0x188
                0x000000000000018a                __TBCCTL4 = 0x18a
                0x000000000000018c                __TBCCTL5 = 0x18c
                0x000000000000018e                __TBCCTL6 = 0x18e
                0x0000000000000190                __TBR = 0x190
                0x0000000000000192                __TBCCR0 = 0x192
                0x0000000000000194                __TBCCR1 = 0x194
                0x0000000000000196                __TBCCR2 = 0x196
                0x0000000000000198                __TBCCR3 = 0x198
                0x000000000000019a                __TBCCR4 = 0x19a
                0x000000000000019c                __TBCCR5 = 0x19c
                0x000000000000019e                __TBCCR6 = 0x19e
                0x0000000000000056                __DCOCTL = 0x56
                0x0000000000000057                __BCSCTL1 = 0x57
                0x0000000000000058                __BCSCTL2 = 0x58
                0x0000000000000055                __SVSCTL = 0x55
                0x0000000000000128                __FCTL1 = 0x128
                0x000000000000012a                __FCTL2 = 0x12a
                0x000000000000012c                __FCTL3 = 0x12c
                0x0000000000000059                __CACTL1 = 0x59
                0x000000000000005a                __CACTL2 = 0x5a
                0x000000000000005b                __CAPD = 0x5b
                0x00000000000001a0                __ADC12CTL0 = 0x1a0
                0x00000000000001a2                __ADC12CTL1 = 0x1a2
                0x00000000000001a4                __ADC12IFG = 0x1a4
                0x00000000000001a6                __ADC12IE = 0x1a6
                0x00000000000001a8                __ADC12IV = 0x1a8
                0x0000000000000140                __ADC12MEM0 = 0x140
                0x0000000000000142                __ADC12MEM1 = 0x142
                0x0000000000000144                __ADC12MEM2 = 0x144
                0x0000000000000146                __ADC12MEM3 = 0x146
                0x0000000000000148                __ADC12MEM4 = 0x148
                0x000000000000014a                __ADC12MEM5 = 0x14a
                0x000000000000014c                __ADC12MEM6 = 0x14c
                0x000000000000014e                __ADC12MEM7 = 0x14e
                0x0000000000000150                __ADC12MEM8 = 0x150
                0x0000000000000152                __ADC12MEM9 = 0x152
                0x0000000000000154                __ADC12MEM10 = 0x154
                0x0000000000000156                __ADC12MEM11 = 0x156
                0x0000000000000158                __ADC12MEM12 = 0x158
                0x000000000000015a                __ADC12MEM13 = 0x15a
                0x000000000000015c                __ADC12MEM14 = 0x15c
                0x000000000000015e                __ADC12MEM15 = 0x15e
                0x0000000000000080                __ADC12MCTL0 = 0x80
                0x0000000000000081                __ADC12MCTL1 = 0x81
                0x0000000000000082                __ADC12MCTL2 = 0x82
                0x0000000000000083                __ADC12MCTL3 = 0x83
                0x0000000000000084                __ADC12MCTL4 = 0x84
                0x0000000000000085                __ADC12MCTL5 = 0x85
                0x0000000000000086                __ADC12MCTL6 = 0x86
                0x0000000000000087                __ADC12MCTL7 = 0x87
                0x0000000000000088                __ADC12MCTL8 = 0x88
                0x0000000000000089                __ADC12MCTL9 = 0x89
                0x000000000000008a                __ADC12MCTL10 = 0x8a
                0x000000000000008b                __ADC12MCTL11 = 0x8b
                0x000000000000008c                __ADC12MCTL12 = 0x8c
                0x000000000000008d                __ADC12MCTL13 = 0x8d
                0x000000000000008e                __ADC12MCTL14 = 0x8e
                0x000000000000008f                __ADC12MCTL15 = 0x8f
                0x00000000000001c0                __DAC12_0CTL = 0x1c0
                0x00000000000001c2                __DAC12_1CTL = 0x1c2
                0x00000000000001c8                __DAC12_0DAT = 0x1c8
                0x00000000000001ca                __DAC12_1DAT = 0x1ca
                0x0000000000000122                __DMACTL0 = 0x122
                0x0000000000000124                __DMACTL1 = 0x124
                0x00000000000001e0                __DMA0CTL = 0x1e0
                0x00000000000001e8                __DMA1CTL = 0x1e8
                0x00000000000001f0                __DMA2CTL = 0x1f0
                0x00000000000001e2                __DMA0SA = 0x1e2
                0x00000000000001e4                __DMA0DA = 0x1e4
                0x00000000000001e6                __DMA0SZ = 0x1e6
                0x00000000000001ea                __DMA1SA = 0x1ea
                0x00000000000001ec                __DMA1DA = 0x1ec
                0x00000000000001ee                __DMA1SZ = 0x1ee
                0x00000000000001f2                __DMA2SA = 0x1f2
                0x00000000000001f4                __DMA2DA = 0x1f4
                0x00000000000001f6                __DMA2SZ = 0x1f6

.hash
 *(.hash)

.dynsym
 *(.dynsym)

.dynstr
 *(.dynstr)

.gnu.version
 *(.gnu.version)

.gnu.version_d
 *(.gnu.version_d)

.gnu.version_r
 *(.gnu.version_r)

.rel.init
 *(.rel.init)

.rela.init
 *(.rela.init)

.rel.fini
 *(.rel.fini)

.rela.fini
 *(.rela.fini)

.rel.text
 *(.rel.text .rel.text.* .rel.gnu.linkonce.t.*)

.rela.text
 *(.rela.text .rela.text.* .rela.gnu.linkonce.t.*)

.rel.rodata
 *(.rel.rodata .rel.rodata.* .rel.gnu.linkonce.r.*)

.rela.rodata
 *(.rela.rodata .rela.rodata.* .rela.gnu.linkonce.r.*)

.rel.data
 *(.rel.data .rel.data.* .rel.gnu.linkonce.d.*)

.rela.data
 *(.rela.data .rela.data.* .rela.gnu.linkonce.d.*)

.rel.bss
 *(.rel.bss .rel.bss.* .rel.gnu.linkonce.b.*)

.rela.bss
 *(.rela.bss .rela.bss.* .rela.gnu.linkonce.b.*)

.rel.ctors
 *(.rel.ctors)

.rela.ctors
 *(.rela.ctors)

.rel.dtors
 *(.rel.dtors)

.rela.dtors
 *(.rela.dtors)

.rel.got
 *(.rel.got)

.rela.got
 *(.rela.got)

.rel.plt
 *(.rel.plt)

.rela.plt
 *(.rela.plt)

.text           0x0000000000004000     0xb48e
                0x0000000000004000                . = ALIGN (0x2)
 *(.init .init.*)
 *(.init0)
 .init0         0x0000000000004000        0x0 /usr/lib/gcc/msp430/4.6.3/mmpy-16/libcrt0.a(_reset_vector__.o)
                0x0000000000004000                _reset_vector__
 *(.init1)
 .init1         0x0000000000004000        0xc /usr/lib/gcc/msp430/4.6.3/mmpy-16/libcrt0.a(__watchdog_support.o)
                0x0000000000004000                __watchdog_support
 *(.init2)
 .init2         0x000000000000400c        0x4 /usr/lib/gcc/msp430/4.6.3/mmpy-16/libcrt0.a(__init_stack.o)
                0x000000000000400c                __init_stack
 *(.init3)
 .init3         0x0000000000004010        0x0 /usr/lib/gcc/msp430/4.6.3/mmpy-16/libcrt0.a(__low_level_init.o)
                0x0000000000004010                __low_level_init
 *(.init4)
 .init4         0x0000000000004010       0x18 /usr/lib/gcc/msp430/4.6.3/mmpy-16/libcrt0.a(_copy_data.o)
                0x0000000000004010                __do_copy_data
 .init4         0x0000000000004028       0x16 /usr/lib/gcc/msp430/4.6.3/mmpy-16/libcrt0.a(_clear_bss.o)
                0x0000000000004028                __do_clear_bss
 *(.init5)
 *(.init6)
 *(.init7)
 *(.init8)
 *(.init9)
 .init9         0x000000000000403e      0x340 obj_sky/contiki-sky-main.o
                0x000000000000403e                main
 *(.fini9)
 .fini9         0x000000000000437e        0x0 /usr/lib/gcc/msp430/4.6.3/mmpy-16/libcrt0.a(__stop_progExec__.o)
                0x000000000000437e                __stop_progExec__
 *(.fini8)
 *(.fini7)
 *(.fini6)
 *(.fini5)
 *(.fini4)
 *(.fini3)
 *(.fini2)
 *(.fini1)
 *(.fini0)
 .fini0         0x000000000000437e        0x6 /usr/lib/gcc/msp430/4.6.3/mmpy-16/libcrt0.a(_endless_loop__.o)
                0x000000000000437e                _endless_loop__
 *(.fini .fini.*)
                0x0000000000004384                . = ALIGN (0x2)
                0x0000000000004384                __ctors_start = .
 *(.ctors)
                0x0000000000004384                __ctors_end = .
                0x0000000000004384                __dtors_start = .
 *(.dtors)
                0x0000000000004384                __dtors_end = .
                0x0000000000004384                . = ALIGN (0x2)
 *(.text .text.* .gnu.linkonce.t.*)
 .text          0x0000000000004384        0x4 /usr/lib/gcc/msp430/4.6.3/mmpy-16/crt0ivtbl16.o
                0x0000000000004384                __isr_14
                0x0000000000004384                __isr_11
                0x0000000000004384                __isr_2
                0x0000000000004384                __isr_7
                0x0000000000004384                __isr_0
                0x0000000000004384                __isr_8
                0x0000000000004384                __isr_3
                0x0000000000004384                __isr_12
                0x0000000000004384                __isr_13
                0x0000000000004384                __isr_9
 .text.process_thread_example_pollhandler
                0x0000000000004388       0x40 pollhandler.co
 .text.init_platform
                0x00000000000043c8        0xc contiki-sky.a(contiki-sky-pla)
                0x00000000000043c8                init_platform
 .text.status   0x00000000000043d4       0x16 contiki-sky.a(button-sensor.o)
 .text.configure
                0x00000000000043ea       0x52 contiki-sky.a(button-sensor.o)
 .text.value    0x000000000000443c       0x22 contiki-sky.a(button-sensor.o)
 .text.irq_p2   0x000000000000445e       0x8a contiki-sky.a(button-sensor.o)
                0x000000000000445e                irq_p2
                0x000000000000445e                __isr_1
 .text.owreadb  0x00000000000044e8       0x52 contiki-sky.a(ds2411.o)
 .text.ds2411_init
                0x000000000000453a      0x122 contiki-sky.a(ds2411.o)
                0x000000000000453a                ds2411_init
 .text.wait_ready
                0x000000000000465c       0x50 contiki-sky.a(xmem.o)
 .text.xmem_init
                0x00000000000046ac       0x3e contiki-sky.a(xmem.o)
                0x00000000000046ac                xmem_init
 .text.xmem_pread
                0x00000000000046ea       0xea contiki-sky.a(xmem.o)
                0x00000000000046ea                xmem_pread
 .text.node_id_restore
                0x00000000000047d4       0x38 contiki-sky.a(node-id.o)
                0x00000000000047d4                node_id_restore
 .text.process_thread_sensors_process
                0x000000000000480c       0xbe contiki-sky.a(sensors.o)
 .text.sensors_changed
                0x00000000000048ca       0x2a contiki-sky.a(sensors.o)
                0x00000000000048ca                sensors_changed
 .text.get_object
                0x00000000000048f4        0x4 contiki-sky.a(cc2420.o)
 .text.set_object
                0x00000000000048f8        0x4 contiki-sky.a(cc2420.o)
 .text.strobe   0x00000000000048fc       0x20 contiki-sky.a(cc2420.o)
 .text.getreg   0x000000000000491c       0x54 contiki-sky.a(cc2420.o)
 .text.setreg   0x0000000000004970       0x52 contiki-sky.a(cc2420.o)
 .text.write_ram
                0x00000000000049c2       0x80 contiki-sky.a(cc2420.o)
 .text.write_fifo_buf
                0x0000000000004a42       0x40 contiki-sky.a(cc2420.o)
 .text.get_status
                0x0000000000004a82       0x24 contiki-sky.a(cc2420.o)
 .text.set_txpower
                0x0000000000004aa6       0x26 contiki-sky.a(cc2420.o)
 .text.cc2420_receiving_packet
                0x0000000000004acc        0xe contiki-sky.a(cc2420.o)
 .text.pending_packet
                0x0000000000004ada        0x8 contiki-sky.a(cc2420.o)
 .text.on       0x0000000000004ae2       0x26 contiki-sky.a(cc2420.o)
 .text.wait_for_transmission
                0x0000000000004b08       0x22 contiki-sky.a(cc2420.o)
 .text.wait_for_status
                0x0000000000004b2a       0x2a contiki-sky.a(cc2420.o)
 .text.getrxdata
                0x0000000000004b54       0x56 contiki-sky.a(cc2420.o)
 .text.flushrx  0x0000000000004baa       0x1a contiki-sky.a(cc2420.o)
 .text.off      0x0000000000004bc4       0x62 contiki-sky.a(cc2420.o)
 .text.RELEASE_LOCK
                0x0000000000004c26       0x28 contiki-sky.a(cc2420.o)
 .text.set_key  0x0000000000004c4e       0x18 contiki-sky.a(cc2420.o)
 .text.set_frame_filtering
                0x0000000000004c66       0x30 contiki-sky.a(cc2420.o)
 .text.set_auto_ack
                0x0000000000004c96       0x30 contiki-sky.a(cc2420.o)
 .text.set_poll_mode
                0x0000000000004cc6       0x36 contiki-sky.a(cc2420.o)
 .text.cc2420_prepare
                0x0000000000004cfc       0x3c contiki-sky.a(cc2420.o)
 .text.cc2420_on
                0x0000000000004d38       0x22 contiki-sky.a(cc2420.o)
                0x0000000000004d38                cc2420_on
 .text.cc2420_off
                0x0000000000004d5a       0x30 contiki-sky.a(cc2420.o)
                0x0000000000004d5a                cc2420_off
 .text.cc2420_cca
                0x0000000000004d8a       0x5e contiki-sky.a(cc2420.o)
 .text.cc2420_read
                0x0000000000004de8       0xc0 contiki-sky.a(cc2420.o)
 .text.process_thread_cc2420_process
                0x0000000000004ea8       0x58 contiki-sky.a(cc2420.o)
 .text.encrypt  0x0000000000004f00       0x8e contiki-sky.a(cc2420.o)
 .text.cc2420_set_channel
                0x0000000000004f8e       0x3c contiki-sky.a(cc2420.o)
                0x0000000000004f8e                cc2420_set_channel
 .text.cc2420_set_pan_addr
                0x0000000000004fca       0x4c contiki-sky.a(cc2420.o)
                0x0000000000004fca                cc2420_set_pan_addr
 .text.cc2420_interrupt
                0x0000000000005016       0x18 contiki-sky.a(cc2420.o)
                0x0000000000005016                cc2420_interrupt
 .text.cc2420_set_txpower
                0x000000000000502e        0xe contiki-sky.a(cc2420.o)
                0x000000000000502e                cc2420_set_txpower
 .text.cc2420_get_txpower
                0x000000000000503c       0x1e contiki-sky.a(cc2420.o)
                0x000000000000503c                cc2420_get_txpower
 .text.cc2420_transmit
                0x000000000000505a      0x114 contiki-sky.a(cc2420.o)
 .text.cc2420_send
                0x000000000000516e       0x12 contiki-sky.a(cc2420.o)
 .text.cc2420_rssi
                0x0000000000005180       0x4c contiki-sky.a(cc2420.o)
                0x0000000000005180                cc2420_rssi
 .text.get_value
                0x00000000000051cc      0x108 contiki-sky.a(cc2420.o)
 .text.cc2420_set_cca_threshold
                0x00000000000052d4       0x16 contiki-sky.a(cc2420.o)
                0x00000000000052d4                cc2420_set_cca_threshold
 .text.set_value
                0x00000000000052ea       0xba contiki-sky.a(cc2420.o)
 .text.cc2420_init
                0x00000000000053a4       0xf0 contiki-sky.a(cc2420.o)
                0x00000000000053a4                cc2420_init
 .text.cc2420_port1_interrupt
                0x0000000000005494       0x62 contiki-sky.a(cc2420-arch.o)
                0x0000000000005494                __isr_4
                0x0000000000005494                cc2420_port1_interrupt
 .text.cc2420_arch_init
                0x00000000000054f6       0x1a contiki-sky.a(cc2420-arch.o)
                0x00000000000054f6                cc2420_arch_init
 .text.uart1_active
                0x0000000000005510       0x1a contiki-sky.a(uart1.o)
                0x0000000000005510                uart1_active
 .text.uart1_writeb
                0x000000000000552a       0x1a contiki-sky.a(uart1.o)
                0x000000000000552a                uart1_writeb
 .text.uart1_init
                0x0000000000005544       0xf6 contiki-sky.a(uart1.o)
                0x0000000000005544                uart1_init
 .text.putchar  0x000000000000563a       0x10 contiki-sky.a(uart1-putchar.o)
                0x000000000000563a                putchar
 .text.msp430_init_dco
                0x000000000000564a       0x84 contiki-sky.a(msp430.o)
                0x000000000000564a                msp430_init_dco
 .text.msp430_add_lpm_req
                0x00000000000056ce        0xc contiki-sky.a(msp430.o)
                0x00000000000056ce                msp430_add_lpm_req
 .text.msp430_cpu_init
                0x00000000000056da       0x2a contiki-sky.a(msp430.o)
                0x00000000000056da                msp430_cpu_init
 .text.splhigh_
                0x0000000000005704        0x8 contiki-sky.a(msp430.o)
                0x0000000000005704                splhigh_
 .text.msp430_sync_dco
                0x000000000000570c       0x68 contiki-sky.a(msp430.o)
                0x000000000000570c                msp430_sync_dco
 .text.timera1  0x0000000000005774      0x11e contiki-sky.a(clock.o)
                0x0000000000005774                __isr_5
                0x0000000000005774                timera1
 .text.clock_time
                0x0000000000005892       0x1a contiki-sky.a(clock.o)
                0x0000000000005892                clock_time
 .text.clock_init
                0x00000000000058ac       0x28 contiki-sky.a(clock.o)
                0x00000000000058ac                clock_init
 .text.clock_delay
                0x00000000000058d4        0xc contiki-sky.a(clock.o)
                0x00000000000058d4                clock_delay
 .text.clock_seconds
                0x00000000000058e0       0x1a contiki-sky.a(clock.o)
                0x00000000000058e0                clock_seconds
 .text.show_leds
                0x00000000000058fa       0xf6 contiki-sky.a(leds.o)
 .text.leds_init
                0x00000000000059f0        0xa contiki-sky.a(leds.o)
                0x00000000000059f0                leds_init
 .text.leds_on  0x00000000000059fa        0xa contiki-sky.a(leds.o)
                0x00000000000059fa                leds_on
 .text.leds_off
                0x0000000000005a04        0xe contiki-sky.a(leds.o)
                0x0000000000005a04                leds_off
 .text.leds_arch_init
                0x0000000000005a12        0xe contiki-sky.a(leds-arch.o)
                0x0000000000005a12                leds_arch_init
 .text.leds_arch_set
                0x0000000000005a20       0x3a contiki-sky.a(leds-arch.o)
                0x0000000000005a20                leds_arch_set
 .text.watchdog_interrupt
                0x0000000000005a5a        0x6 contiki-sky.a(watchdog.o)
                0x0000000000005a5a                __isr_10
                0x0000000000005a5a                watchdog_interrupt
 .text.watchdog_start
                0x0000000000005a60       0x14 contiki-sky.a(watchdog.o)
                0x0000000000005a60                watchdog_start
 .text.watchdog_periodic
                0x0000000000005a74       0x12 contiki-sky.a(watchdog.o)
                0x0000000000005a74                watchdog_periodic
 .text.watchdog_stop
                0x0000000000005a86       0x16 contiki-sky.a(watchdog.o)
                0x0000000000005a86                watchdog_stop
 .text.watchdog_init
                0x0000000000005a9c       0x14 contiki-sky.a(watchdog.o)
                0x0000000000005a9c                watchdog_init
 .text.rtimer_arch_init
                0x0000000000005ab0        0xe contiki-sky.a(rtimer-arch.o)
                0x0000000000005ab0                rtimer_arch_init
 .text.rtimer_arch_now
                0x0000000000005abe        0xe contiki-sky.a(rtimer-arch.o)
                0x0000000000005abe                rtimer_arch_now
 .text.timera0  0x0000000000005acc       0x70 contiki-sky.a(rtimer-arch.o)
                0x0000000000005acc                __isr_6
                0x0000000000005acc                timera0
 .text.rtimer_arch_schedule
                0x0000000000005b3c        0x6 contiki-sky.a(rtimer-arch.o)
                0x0000000000005b3c                rtimer_arch_schedule
 .text.process_thread_ctimer_process
                0x0000000000005b42       0xa4 contiki-sky.a(ctimer.o)
 .text.ctimer_init
                0x0000000000005be6       0x18 contiki-sky.a(ctimer.o)
                0x0000000000005be6                ctimer_init
 .text.ctimer_set_with_process
                0x0000000000005bfe       0x4e contiki-sky.a(ctimer.o)
                0x0000000000005bfe                ctimer_set_with_process
 .text.ctimer_set
                0x0000000000005c4c       0x10 contiki-sky.a(ctimer.o)
                0x0000000000005c4c                ctimer_set
 .text.ctimer_reset
                0x0000000000005c5c       0x30 contiki-sky.a(ctimer.o)
                0x0000000000005c5c                ctimer_reset
 .text.ctimer_restart
                0x0000000000005c8c       0x30 contiki-sky.a(ctimer.o)
                0x0000000000005c8c                ctimer_restart
 .text.ctimer_stop
                0x0000000000005cbc       0x28 contiki-sky.a(ctimer.o)
                0x0000000000005cbc                ctimer_stop
 .text.autostart_start
                0x0000000000005ce4       0x16 contiki-sky.a(autostart.o)
                0x0000000000005ce4                autostart_start
 .text.energest_init
                0x0000000000005cfa       0x28 contiki-sky.a(energest.o)
                0x0000000000005cfa                energest_init
 .text.energest_type_time
                0x0000000000005d22       0x46 contiki-sky.a(energest.o)
                0x0000000000005d22                energest_type_time
 .text.energest_type_set
                0x0000000000005d68        0xe contiki-sky.a(energest.o)
                0x0000000000005d68                energest_type_set
 .text.energest_flush
                0x0000000000005d76       0x48 contiki-sky.a(energest.o)
                0x0000000000005d76                energest_flush
 .text.update_time
                0x0000000000005dbe       0x78 contiki-sky.a(etimer.o)
 .text.etimer_request_poll
                0x0000000000005e36        0xa contiki-sky.a(etimer.o)
                0x0000000000005e36                etimer_request_poll
 .text.process_thread_etimer_process
                0x0000000000005e40       0xc8 contiki-sky.a(etimer.o)
 .text.add_timer
                0x0000000000005f08       0x40 contiki-sky.a(etimer.o)
 .text.etimer_set
                0x0000000000005f48       0x12 contiki-sky.a(etimer.o)
                0x0000000000005f48                etimer_set
 .text.etimer_reset
                0x0000000000005f5a       0x12 contiki-sky.a(etimer.o)
                0x0000000000005f5a                etimer_reset
 .text.etimer_restart
                0x0000000000005f6c       0x12 contiki-sky.a(etimer.o)
                0x0000000000005f6c                etimer_restart
 .text.etimer_expired
                0x0000000000005f7e        0xe contiki-sky.a(etimer.o)
                0x0000000000005f7e                etimer_expired
 .text.etimer_expiration_time
                0x0000000000005f8c       0x14 contiki-sky.a(etimer.o)
                0x0000000000005f8c                etimer_expiration_time
 .text.etimer_pending
                0x0000000000005fa0        0xc contiki-sky.a(etimer.o)
                0x0000000000005fa0                etimer_pending
 .text.etimer_next_expiration_time
                0x0000000000005fac       0x16 contiki-sky.a(etimer.o)
                0x0000000000005fac                etimer_next_expiration_time
 .text.etimer_stop
                0x0000000000005fc2       0x3c contiki-sky.a(etimer.o)
                0x0000000000005fc2                etimer_stop
 .text.call_process
                0x0000000000005ffe       0x4a contiki-sky.a(process.o)
 .text.exit_process
                0x0000000000006048       0x96 contiki-sky.a(process.o)
 .text.do_poll  0x00000000000060de       0x30 contiki-sky.a(process.o)
 .text.process_alloc_event
                0x000000000000610e        0xe contiki-sky.a(process.o)
                0x000000000000610e                process_alloc_event
 .text.process_init
                0x000000000000611c       0x1c contiki-sky.a(process.o)
                0x000000000000611c                process_init
 .text.process_run
                0x0000000000006138       0x92 contiki-sky.a(process.o)
                0x0000000000006138                process_run
 .text.process_nevents
                0x00000000000061ca        0xe contiki-sky.a(process.o)
                0x00000000000061ca                process_nevents
 .text.process_post
                0x00000000000061d8       0x4e contiki-sky.a(process.o)
                0x00000000000061d8                process_post
 .text.process_post_synch
                0x0000000000006226       0x12 contiki-sky.a(process.o)
                0x0000000000006226                process_post_synch
 .text.process_start
                0x0000000000006238       0x32 contiki-sky.a(process.o)
                0x0000000000006238                process_start
 .text.process_poll
                0x000000000000626a       0x18 contiki-sky.a(process.o)
                0x000000000000626a                process_poll
 .text.rtimer_init
                0x0000000000006282        0x6 contiki-sky.a(rtimer.o)
                0x0000000000006282                rtimer_init
 .text.rtimer_set
                0x0000000000006288       0x24 contiki-sky.a(rtimer.o)
                0x0000000000006288                rtimer_set
 .text.rtimer_run_next
                0x00000000000062ac       0x26 contiki-sky.a(rtimer.o)
                0x00000000000062ac                rtimer_run_next
 .text.timer_set
                0x00000000000062d2       0x1c contiki-sky.a(timer.o)
                0x00000000000062d2                timer_set
 .text.timer_reset
                0x00000000000062ee        0xe contiki-sky.a(timer.o)
                0x00000000000062ee                timer_reset
 .text.timer_restart
                0x00000000000062fc       0x14 contiki-sky.a(timer.o)
                0x00000000000062fc                timer_restart
 .text.timer_expired
                0x0000000000006310       0x2a contiki-sky.a(timer.o)
                0x0000000000006310                timer_expired
 .text.list_init
                0x000000000000633a        0x6 contiki-sky.a(list.o)
                0x000000000000633a                list_init
 .text.list_head
                0x0000000000006340        0x4 contiki-sky.a(list.o)
                0x0000000000006340                list_head
 .text.list_tail
                0x0000000000006344       0x12 contiki-sky.a(list.o)
                0x0000000000006344                list_tail
 .text.list_remove
                0x0000000000006356       0x34 contiki-sky.a(list.o)
                0x0000000000006356                list_remove
 .text.list_push
                0x000000000000638a       0x1a contiki-sky.a(list.o)
                0x000000000000638a                list_push
 .text.list_add
                0x00000000000063a4       0x2a contiki-sky.a(list.o)
                0x00000000000063a4                list_add
 .text.list_length
                0x00000000000063ce       0x10 contiki-sky.a(list.o)
                0x00000000000063ce                list_length
 .text.list_item_next
                0x00000000000063de        0xc contiki-sky.a(list.o)
                0x00000000000063de                list_item_next
 .text.random_init
                0x00000000000063ea        0x6 contiki-sky.a(random.o)
                0x00000000000063ea                random_init
 .text.random_rand
                0x00000000000063f0        0x6 contiki-sky.a(random.o)
                0x00000000000063f0                random_rand
 .text.uip_ds6_list_loop
                0x00000000000063f6       0x86 contiki-sky.a(uip-ds6.o)
                0x00000000000063f6                uip_ds6_list_loop
 .text.uip_ds6_prefix_add
                0x000000000000647c       0x80 contiki-sky.a(uip-ds6.o)
                0x000000000000647c                uip_ds6_prefix_add
 .text.uip_ds6_is_addr_onlink
                0x00000000000064fc       0x54 contiki-sky.a(uip-ds6.o)
                0x00000000000064fc                uip_ds6_is_addr_onlink
 .text.uip_ds6_addr_lookup
                0x0000000000006550       0x2a contiki-sky.a(uip-ds6.o)
                0x0000000000006550                uip_ds6_addr_lookup
 .text.uip_ds6_get_link_local
                0x000000000000657a       0x3e contiki-sky.a(uip-ds6.o)
                0x000000000000657a                uip_ds6_get_link_local
 .text.uip_ds6_maddr_add
                0x00000000000065b8       0x4c contiki-sky.a(uip-ds6.o)
                0x00000000000065b8                uip_ds6_maddr_add
 .text.uip_ds6_addr_add
                0x0000000000006604       0xc4 contiki-sky.a(uip-ds6.o)
                0x0000000000006604                uip_ds6_addr_add
 .text.uip_ds6_maddr_lookup
                0x00000000000066c8       0x2a contiki-sky.a(uip-ds6.o)
                0x00000000000066c8                uip_ds6_maddr_lookup
 .text.uip_ds6_addr_rm
                0x00000000000066f2       0x54 contiki-sky.a(uip-ds6.o)
                0x00000000000066f2                uip_ds6_addr_rm
 .text.uip_ds6_periodic
                0x0000000000006746       0x46 contiki-sky.a(uip-ds6.o)
                0x0000000000006746                uip_ds6_periodic
 .text.uip_ds6_set_addr_iid
                0x000000000000678c       0x14 contiki-sky.a(uip-ds6.o)
                0x000000000000678c                uip_ds6_set_addr_iid
 .text.get_match_length
                0x00000000000067a0       0x3e contiki-sky.a(uip-ds6.o)
                0x00000000000067a0                get_match_length
 .text.uip_ds6_select_src
                0x00000000000067de       0xaa contiki-sky.a(uip-ds6.o)
                0x00000000000067de                uip_ds6_select_src
 .text.uip_ds6_compute_reachable_time
                0x0000000000006888       0x3e contiki-sky.a(uip-ds6.o)
                0x0000000000006888                uip_ds6_compute_reachable_time
 .text.uip_ds6_init
                0x00000000000068c6      0x154 contiki-sky.a(uip-ds6.o)
                0x00000000000068c6                uip_ds6_init
 .text.call_route_callback
                0x0000000000006a1a       0x4c contiki-sky.a(uip-ds6-route.o)
 .text.uip_ds6_route_init
                0x0000000000006a66       0x36 contiki-sky.a(uip-ds6-route.o)
                0x0000000000006a66                uip_ds6_route_init
 .text.uip_ds6_route_nexthop
                0x0000000000006a9c       0x1a contiki-sky.a(uip-ds6-route.o)
                0x0000000000006a9c                uip_ds6_route_nexthop
 .text.uip_ds6_route_head
                0x0000000000006ab6        0xa contiki-sky.a(uip-ds6-route.o)
                0x0000000000006ab6                uip_ds6_route_head
 .text.uip_ds6_route_next
                0x0000000000006ac0        0xe contiki-sky.a(uip-ds6-route.o)
                0x0000000000006ac0                uip_ds6_route_next
 .text.uip_ds6_route_is_nexthop
                0x0000000000006ace       0x1e contiki-sky.a(uip-ds6-route.o)
                0x0000000000006ace                uip_ds6_route_is_nexthop
 .text.uip_ds6_route_lookup
                0x0000000000006aec       0x8c contiki-sky.a(uip-ds6-route.o)
                0x0000000000006aec                uip_ds6_route_lookup
 .text.uip_ds6_route_rm
                0x0000000000006b78       0xa4 contiki-sky.a(uip-ds6-route.o)
                0x0000000000006b78                uip_ds6_route_rm
 .text.rm_routelist
                0x0000000000006c1c       0x34 contiki-sky.a(uip-ds6-route.o)
 .text.rm_routelist_callback
                0x0000000000006c50        0x6 contiki-sky.a(uip-ds6-route.o)
 .text.uip_ds6_route_add
                0x0000000000006c56      0x110 contiki-sky.a(uip-ds6-route.o)
                0x0000000000006c56                uip_ds6_route_add
 .text.uip_ds6_defrt_rm
                0x0000000000006d66       0x48 contiki-sky.a(uip-ds6-route.o)
                0x0000000000006d66                uip_ds6_defrt_rm
 .text.uip_ds6_defrt_lookup
                0x0000000000006dae       0x36 contiki-sky.a(uip-ds6-route.o)
                0x0000000000006dae                uip_ds6_defrt_lookup
 .text.uip_ds6_defrt_add
                0x0000000000006de4       0x74 contiki-sky.a(uip-ds6-route.o)
                0x0000000000006de4                uip_ds6_defrt_add
 .text.uip_ds6_defrt_choose
                0x0000000000006e58       0x3a contiki-sky.a(uip-ds6-route.o)
                0x0000000000006e58                uip_ds6_defrt_choose
 .text.uip_ds6_defrt_periodic
                0x0000000000006e92       0x38 contiki-sky.a(uip-ds6-route.o)
                0x0000000000006e92                uip_ds6_defrt_periodic
 .text.chksum   0x0000000000006eca       0x32 contiki-sky.a(uip6.o)
 .text.upper_layer_chksum
                0x0000000000006efc       0x56 contiki-sky.a(uip6.o)
 .text.ext_hdr_options_process
                0x0000000000006f52       0xda contiki-sky.a(uip6.o)
 .text.uip_add32
                0x000000000000702c       0x68 contiki-sky.a(uip6.o)
                0x000000000000702c                uip_add32
 .text.unlikely.uip_add_rcv_nxt
                0x0000000000007094       0x2e contiki-sky.a(uip6.o)
 .text.uip_icmp6chksum
                0x00000000000070c2        0xa contiki-sky.a(uip6.o)
                0x00000000000070c2                uip_icmp6chksum
 .text.uip_tcpchksum
                0x00000000000070cc        0xa contiki-sky.a(uip6.o)
                0x00000000000070cc                uip_tcpchksum
 .text.uip_udpchksum
                0x00000000000070d6        0xa contiki-sky.a(uip6.o)
                0x00000000000070d6                uip_udpchksum
 .text.uip_init
                0x00000000000070e0       0x56 contiki-sky.a(uip6.o)
                0x00000000000070e0                uip_init
 .text.remove_ext_hdr
                0x0000000000007136       0x56 contiki-sky.a(uip6.o)
                0x0000000000007136                remove_ext_hdr
 .text.uip_unlisten
                0x000000000000718c       0x1e contiki-sky.a(uip6.o)
                0x000000000000718c                uip_unlisten
 .text.uip_process
                0x00000000000071aa      0xe18 contiki-sky.a(uip6.o)
                0x00000000000071aa                uip_process
 .text.uip_htonl
                0x0000000000007fc2       0x2e contiki-sky.a(uip6.o)
                0x0000000000007fc2                uip_htonl
 .text.uip_ds6_nbr_rm
                0x0000000000007ff0       0x1e contiki-sky.a(uip-ds6-nbr.o)
                0x0000000000007ff0                uip_ds6_nbr_rm
 .text.uip_ds6_neighbors_init
                0x000000000000800e       0x12 contiki-sky.a(uip-ds6-nbr.o)
                0x000000000000800e                uip_ds6_neighbors_init
 .text.uip_ds6_nbr_add
                0x0000000000008020       0x3e contiki-sky.a(uip-ds6-nbr.o)
                0x0000000000008020                uip_ds6_nbr_add
 .text.uip_ds6_nbr_get_ll
                0x000000000000805e        0xc contiki-sky.a(uip-ds6-nbr.o)
                0x000000000000805e                uip_ds6_nbr_get_ll
 .text.uip_ds6_nbr_lookup
                0x000000000000806a       0x42 contiki-sky.a(uip-ds6-nbr.o)
                0x000000000000806a                uip_ds6_nbr_lookup
 .text.uip_ds6_nbr_ll_lookup
                0x00000000000080ac        0xc contiki-sky.a(uip-ds6-nbr.o)
                0x00000000000080ac                uip_ds6_nbr_ll_lookup
 .text.uip_ds6_nbr_ipaddr_from_lladdr
                0x00000000000080b8        0x6 contiki-sky.a(uip-ds6-nbr.o)
                0x00000000000080b8                uip_ds6_nbr_ipaddr_from_lladdr
 .text.uip_ds6_nbr_lladdr_from_ipaddr
                0x00000000000080be       0x12 contiki-sky.a(uip-ds6-nbr.o)
                0x00000000000080be                uip_ds6_nbr_lladdr_from_ipaddr
 .text.uip_ds6_link_neighbor_callback
                0x00000000000080d0       0x36 contiki-sky.a(uip-ds6-nbr.o)
                0x00000000000080d0                uip_ds6_link_neighbor_callback
 .text.ns_input
                0x0000000000008106      0x266 contiki-sky.a(uip-nd6.o)
 .text.uip_nd6_init
                0x000000000000836c        0xa contiki-sky.a(uip-nd6.o)
                0x000000000000836c                uip_nd6_init
 .text.clear_fragments
                0x0000000000008376       0x42 contiki-sky.a(sicslowpan.o)
 .text.set_packet_attrs
                0x00000000000083b8       0x44 contiki-sky.a(sicslowpan.o)
 .text.addr_context_lookup_by_number
                0x00000000000083fc       0x36 contiki-sky.a(sicslowpan.o)
 .text.compress_addr_64
                0x0000000000008432       0xae contiki-sky.a(sicslowpan.o)
 .text.store_fragment
                0x00000000000084e0       0xc8 contiki-sky.a(sicslowpan.o)
 .text.add_fragment
                0x00000000000085a8      0x1ee contiki-sky.a(sicslowpan.o)
 .text.uncompress_addr
                0x0000000000008796       0xb4 contiki-sky.a(sicslowpan.o)
 .text.input    0x000000000000884a      0x6f0 contiki-sky.a(sicslowpan.o)
 .text.sicslowpan_init
                0x0000000000008f3a       0x24 contiki-sky.a(sicslowpan.o)
                0x0000000000008f3a                sicslowpan_init
 .text.addr_context_lookup_by_prefix
                0x0000000000008f5e       0x4c contiki-sky.a(sicslowpan.o)
 .text.send_packet
                0x0000000000008faa       0x1a contiki-sky.a(sicslowpan.o)
 .text.output   0x0000000000008fc4      0x6d0 contiki-sky.a(sicslowpan.o)
 .text.packet_sent
                0x0000000000009694       0x22 contiki-sky.a(sicslowpan.o)
 .text.uip_debug_ipaddr_print
                0x00000000000096b6       0xc6 contiki-sky.a(uip-debug.o)
                0x00000000000096b6                uip_debug_ipaddr_print
 .text.start_periodic_tcp_timer
                0x000000000000977c       0x16 contiki-sky.a(tcpip.o)
 .text.tcpip_output
                0x0000000000009792       0x10 contiki-sky.a(tcpip.o)
                0x0000000000009792                tcpip_output
 .text.tcpip_set_outputfunc
                0x00000000000097a2        0x6 contiki-sky.a(tcpip.o)
                0x00000000000097a2                tcpip_set_outputfunc
 .text.tcpip_input
                0x00000000000097a8       0x16 contiki-sky.a(tcpip.o)
                0x00000000000097a8                tcpip_input
 .text.tcpip_ipv6_output
                0x00000000000097be       0xc0 contiki-sky.a(tcpip.o)
                0x00000000000097be                tcpip_ipv6_output
 .text.process_thread_tcpip_process
                0x000000000000987e      0x1b6 contiki-sky.a(tcpip.o)
 .text.tcpip_uipcall
                0x0000000000009a34       0x64 contiki-sky.a(tcpip.o)
                0x0000000000009a34                tcpip_uipcall
 .text.lollipop_greater_than
                0x0000000000009a98       0x44 contiki-sky.a(rpl-dag.o)
 .text.acceptable_rank
                0x0000000000009adc       0x50 contiki-sky.a(rpl-dag.o)
 .text.find_parent_any_dag_any_instance
                0x0000000000009b2c       0x14 contiki-sky.a(rpl-dag.o)
 .text.rpl_set_preferred_parent
                0x0000000000009b40       0x30 contiki-sky.a(rpl-dag.o)
 .text.set_ip_from_prefix
                0x0000000000009b70       0x38 contiki-sky.a(rpl-dag.o)
 .text.check_prefix
                0x0000000000009ba8       0x80 contiki-sky.a(rpl-dag.o)
 .text.rpl_dag_init
                0x0000000000009c28        0xe contiki-sky.a(rpl-dag.o)
                0x0000000000009c28                rpl_dag_init
 .text.rpl_get_parent
                0x0000000000009c36        0xc contiki-sky.a(rpl-dag.o)
                0x0000000000009c36                rpl_get_parent
 .text.rpl_rank_via_parent
                0x0000000000009c42       0x2e contiki-sky.a(rpl-dag.o)
                0x0000000000009c42                rpl_rank_via_parent
 .text.rpl_get_parent_lladdr
                0x0000000000009c70        0xc contiki-sky.a(rpl-dag.o)
                0x0000000000009c70                rpl_get_parent_lladdr
 .text.rpl_get_parent_ipaddr
                0x0000000000009c7c        0xa contiki-sky.a(rpl-dag.o)
                0x0000000000009c7c                rpl_get_parent_ipaddr
 .text.rpl_get_parent_link_stats
                0x0000000000009c86        0xa contiki-sky.a(rpl-dag.o)
                0x0000000000009c86                rpl_get_parent_link_stats
 .text.rpl_parent_is_fresh
                0x0000000000009c90        0xa contiki-sky.a(rpl-dag.o)
                0x0000000000009c90                rpl_parent_is_fresh
 .text.best_parent
                0x0000000000009c9a       0x80 contiki-sky.a(rpl-dag.o)
 .text.rpl_parent_is_reachable
                0x0000000000009d1a       0x46 contiki-sky.a(rpl-dag.o)
                0x0000000000009d1a                rpl_parent_is_reachable
 .text.rpl_set_prefix
                0x0000000000009d60       0x8e contiki-sky.a(rpl-dag.o)
                0x0000000000009d60                rpl_set_prefix
 .text.rpl_set_default_route
                0x0000000000009dee       0x3e contiki-sky.a(rpl-dag.o)
                0x0000000000009dee                rpl_set_default_route
 .text.rpl_alloc_instance
                0x0000000000009e2c       0x34 contiki-sky.a(rpl-dag.o)
                0x0000000000009e2c                rpl_alloc_instance
 .text.rpl_add_parent
                0x0000000000009e60       0x3e contiki-sky.a(rpl-dag.o)
                0x0000000000009e60                rpl_add_parent
 .text.rpl_find_parent
                0x0000000000009e9e       0x18 contiki-sky.a(rpl-dag.o)
                0x0000000000009e9e                rpl_find_parent
 .text.rpl_find_parent_any_dag
                0x0000000000009eb6       0x20 contiki-sky.a(rpl-dag.o)
                0x0000000000009eb6                rpl_find_parent_any_dag
 .text.rpl_select_parent
                0x0000000000009ed6       0x66 contiki-sky.a(rpl-dag.o)
                0x0000000000009ed6                rpl_select_parent
 .text.rpl_select_dag
                0x0000000000009f3c      0x17e contiki-sky.a(rpl-dag.o)
                0x0000000000009f3c                rpl_select_dag
 .text.rpl_nullify_parent
                0x000000000000a0ba       0x60 contiki-sky.a(rpl-dag.o)
                0x000000000000a0ba                rpl_nullify_parent
 .text.rpl_remove_parent
                0x000000000000a11a       0x16 contiki-sky.a(rpl-dag.o)
                0x000000000000a11a                rpl_remove_parent
 .text.nbr_callback
                0x000000000000a130        0x6 contiki-sky.a(rpl-dag.o)
 .text.remove_parents.constprop.3
                0x000000000000a136       0x30 contiki-sky.a(rpl-dag.o)
 .text.rpl_free_dag
                0x000000000000a166       0x44 contiki-sky.a(rpl-dag.o)
                0x000000000000a166                rpl_free_dag
 .text.rpl_move_parent
                0x000000000000a1aa       0x68 contiki-sky.a(rpl-dag.o)
                0x000000000000a1aa                rpl_move_parent
 .text.rpl_get_dag
                0x000000000000a212       0x86 contiki-sky.a(rpl-dag.o)
                0x000000000000a212                rpl_get_dag
 .text.rpl_get_any_dag
                0x000000000000a298       0x18 contiki-sky.a(rpl-dag.o)
                0x000000000000a298                rpl_get_any_dag
 .text.rpl_get_instance
                0x000000000000a2b0       0x1a contiki-sky.a(rpl-dag.o)
                0x000000000000a2b0                rpl_get_instance
 .text.rpl_alloc_dag
                0x000000000000a2ca       0x60 contiki-sky.a(rpl-dag.o)
                0x000000000000a2ca                rpl_alloc_dag
 .text.rpl_repair_root
                0x000000000000a32a       0x50 contiki-sky.a(rpl-dag.o)
                0x000000000000a32a                rpl_repair_root
 .text.rpl_find_of
                0x000000000000a37a       0x10 contiki-sky.a(rpl-dag.o)
                0x000000000000a37a                rpl_find_of
 .text.rpl_join_instance
                0x000000000000a38a      0x158 contiki-sky.a(rpl-dag.o)
                0x000000000000a38a                rpl_join_instance
 .text.rpl_local_repair
                0x000000000000a4e2       0x9a contiki-sky.a(rpl-dag.o)
                0x000000000000a4e2                rpl_local_repair
 .text.rpl_process_parent_event
                0x000000000000a57c       0x8e contiki-sky.a(rpl-dag.o)
                0x000000000000a57c                rpl_process_parent_event
 .text.rpl_recalculate_ranks
                0x000000000000a60a       0x46 contiki-sky.a(rpl-dag.o)
                0x000000000000a60a                rpl_recalculate_ranks
 .text.rpl_add_dag
                0x000000000000a650      0x114 contiki-sky.a(rpl-dag.o)
                0x000000000000a650                rpl_add_dag
 .text.rpl_process_dio
                0x000000000000a764      0x332 contiki-sky.a(rpl-dag.o)
                0x000000000000a764                rpl_process_dio
 .text.handle_unicast_dio_timer
                0x000000000000aa96       0x1c contiki-sky.a(rpl-timers.o)
 .text.new_dio_interval
                0x000000000000aab2       0x92 contiki-sky.a(rpl-timers.o)
 .text.handle_periodic_timer
                0x000000000000ab44       0x50 contiki-sky.a(rpl-timers.o)
 .text.set_dao_lifetime_timer.part.0
                0x000000000000ab94       0x66 contiki-sky.a(rpl-timers.o)
 .text.schedule_dao
                0x000000000000abfa       0x90 contiki-sky.a(rpl-timers.o)
 .text.handle_dio_timer
                0x000000000000ac8a       0x88 contiki-sky.a(rpl-timers.o)
 .text.handle_dao_timer
                0x000000000000ad12       0x72 contiki-sky.a(rpl-timers.o)
 .text.rpl_reset_periodic_timer
                0x000000000000ad84       0x60 contiki-sky.a(rpl-timers.o)
                0x000000000000ad84                rpl_reset_periodic_timer
 .text.rpl_reset_dio_timer
                0x000000000000ade4       0x18 contiki-sky.a(rpl-timers.o)
                0x000000000000ade4                rpl_reset_dio_timer
 .text.rpl_schedule_dao
                0x000000000000adfc        0xc contiki-sky.a(rpl-timers.o)
                0x000000000000adfc                rpl_schedule_dao
 .text.rpl_schedule_unicast_dio_immediately
                0x000000000000ae08       0x16 contiki-sky.a(rpl-timers.o)
                0x000000000000ae08                rpl_schedule_unicast_dio_immediately
 .text.get_probing_delay
                0x000000000000ae1e       0x40 contiki-sky.a(rpl-timers.o)
                0x000000000000ae1e                get_probing_delay
 .text.get_probing_target
                0x000000000000ae5e       0xf6 contiki-sky.a(rpl-timers.o)
                0x000000000000ae5e                get_probing_target
 .text.rpl_schedule_probing
                0x000000000000af54       0x26 contiki-sky.a(rpl-timers.o)
                0x000000000000af54                rpl_schedule_probing
 .text.handle_probing_timer
                0x000000000000af7a       0x3c contiki-sky.a(rpl-timers.o)
 .text.update_hbh_header
                0x000000000000afb6       0xcc contiki-sky.a(rpl-ext-header.)
 .text.insert_hbh_header
                0x000000000000b082       0x9c contiki-sky.a(rpl-ext-header.)
 .text.rpl_verify_hbh_header
                0x000000000000b11e      0x104 contiki-sky.a(rpl-ext-header.)
                0x000000000000b11e                rpl_verify_hbh_header
 .text.rpl_remove_header
                0x000000000000b222       0x7a contiki-sky.a(rpl-ext-header.)
                0x000000000000b222                rpl_remove_header
 .text.rpl_update_header
                0x000000000000b29c       0x64 contiki-sky.a(rpl-ext-header.)
                0x000000000000b29c                rpl_update_header
 .text.rpl_get_mode
                0x000000000000b300        0x6 contiki-sky.a(rpl.o)
                0x000000000000b300                rpl_get_mode
 .text.rpl_purge_routes
                0x000000000000b306       0x94 contiki-sky.a(rpl.o)
                0x000000000000b306                rpl_purge_routes
 .text.rpl_remove_routes
                0x000000000000b39a       0x22 contiki-sky.a(rpl.o)
                0x000000000000b39a                rpl_remove_routes
 .text.rpl_remove_routes_by_nexthop
                0x000000000000b3bc       0x46 contiki-sky.a(rpl.o)
                0x000000000000b3bc                rpl_remove_routes_by_nexthop
 .text.rpl_add_route
                0x000000000000b402       0x52 contiki-sky.a(rpl.o)
                0x000000000000b402                rpl_add_route
 .text.rpl_link_neighbor_callback
                0x000000000000b454       0x4c contiki-sky.a(rpl.o)
                0x000000000000b454                rpl_link_neighbor_callback
 .text.rpl_ipv6_neighbor_callback
                0x000000000000b4a0       0x1e contiki-sky.a(rpl.o)
                0x000000000000b4a0                rpl_ipv6_neighbor_callback
 .text.rpl_purge_dags
                0x000000000000b4be       0x6e contiki-sky.a(rpl.o)
                0x000000000000b4be                rpl_purge_dags
 .text.rpl_init
                0x000000000000b52c       0x44 contiki-sky.a(rpl.o)
                0x000000000000b52c                rpl_init
 .text.reset    0x000000000000b570        0x2 contiki-sky.a(rpl-mrhof.o)
 .text.update_metric_container
                0x000000000000b572        0x6 contiki-sky.a(rpl-mrhof.o)
 .text.parent_link_metric
                0x000000000000b578       0x10 contiki-sky.a(rpl-mrhof.o)
 .text.parent_has_usable_link
                0x000000000000b588       0x14 contiki-sky.a(rpl-mrhof.o)
 .text.best_dag
                0x000000000000b59c       0x34 contiki-sky.a(rpl-mrhof.o)
 .text.parent_path_cost
                0x000000000000b5d0       0x44 contiki-sky.a(rpl-mrhof.o)
 .text.parent_is_acceptable
                0x000000000000b614       0x2a contiki-sky.a(rpl-mrhof.o)
 .text.best_parent
                0x000000000000b63e       0x88 contiki-sky.a(rpl-mrhof.o)
 .text.rank_via_parent
                0x000000000000b6c6       0x56 contiki-sky.a(rpl-mrhof.o)
 .text.parse    0x000000000000b71c       0xa6 contiki-sky.a(framer-802154.o)
 .text.create_frame.isra.0
                0x000000000000b7c2      0x118 contiki-sky.a(framer-802154.o)
 .text.create   0x000000000000b8da        0x8 contiki-sky.a(framer-802154.o)
 .text.hdr_length
                0x000000000000b8e2        0x8 contiki-sky.a(framer-802154.o)
 .text.input_packet
                0x000000000000b8ea        0x6 contiki-sky.a(csma.o)
 .text.on       0x000000000000b8f0        0x6 contiki-sky.a(csma.o)
 .text.off      0x000000000000b8f6        0x6 contiki-sky.a(csma.o)
 .text.channel_check_interval
                0x000000000000b8fc       0x10 contiki-sky.a(csma.o)
 .text.transmit_packet_list
                0x000000000000b90c       0x24 contiki-sky.a(csma.o)
 .text.schedule_transmission
                0x000000000000b930       0x96 contiki-sky.a(csma.o)
 .text.send_packet
                0x000000000000b9c6      0x164 contiki-sky.a(csma.o)
 .text.init     0x000000000000bb2a       0x1a contiki-sky.a(csma.o)
 .text.tx_done  0x000000000000bb44       0x9a contiki-sky.a(csma.o)
 .text.packet_sent
                0x000000000000bbde       0xd2 contiki-sky.a(csma.o)
 .text.frame802154_get_pan_id
                0x000000000000bcb0        0x6 contiki-sky.a(frame802154.o)
                0x000000000000bcb0                frame802154_get_pan_id
 .text.frame802154_has_panid
                0x000000000000bcb6       0xdc contiki-sky.a(frame802154.o)
                0x000000000000bcb6                frame802154_has_panid
 .text.field_len
                0x000000000000bd92       0xb2 contiki-sky.a(frame802154.o)
 .text.frame802154_is_broadcast_addr
                0x000000000000be44       0x24 contiki-sky.a(frame802154.o)
                0x000000000000be44                frame802154_is_broadcast_addr
 .text.frame802154_hdrlen
                0x000000000000be68       0x32 contiki-sky.a(frame802154.o)
                0x000000000000be68                frame802154_hdrlen
 .text.frame802154_create_fcf
                0x000000000000be9a       0x96 contiki-sky.a(frame802154.o)
                0x000000000000be9a                frame802154_create_fcf
 .text.frame802154_create
                0x000000000000bf30       0xe4 contiki-sky.a(frame802154.o)
                0x000000000000bf30                frame802154_create
 .text.frame802154_parse_fcf
                0x000000000000c014       0xbe contiki-sky.a(frame802154.o)
                0x000000000000c014                frame802154_parse_fcf
 .text.frame802154_parse
                0x000000000000c0d2      0x18c contiki-sky.a(frame802154.o)
                0x000000000000c0d2                frame802154_parse
 .text.mac_call_sent_callback
                0x000000000000c25e       0x14 contiki-sky.a(mac.o)
                0x000000000000c25e                mac_call_sent_callback
 .text.queuebuf_init
                0x000000000000c272       0x12 contiki-sky.a(queuebuf.o)
                0x000000000000c272                queuebuf_init
 .text.queuebuf_numfree
                0x000000000000c284        0xa contiki-sky.a(queuebuf.o)
                0x000000000000c284                queuebuf_numfree
 .text.queuebuf_new_from_packetbuf
                0x000000000000c28e       0x52 contiki-sky.a(queuebuf.o)
                0x000000000000c28e                queuebuf_new_from_packetbuf
 .text.queuebuf_update_attr_from_packetbuf
                0x000000000000c2e0       0x12 contiki-sky.a(queuebuf.o)
                0x000000000000c2e0                queuebuf_update_attr_from_packetbuf
 .text.queuebuf_update_from_packetbuf
                0x000000000000c2f2       0x22 contiki-sky.a(queuebuf.o)
                0x000000000000c2f2                queuebuf_update_from_packetbuf
 .text.queuebuf_free
                0x000000000000c314       0x2a contiki-sky.a(queuebuf.o)
                0x000000000000c314                queuebuf_free
 .text.queuebuf_to_packetbuf
                0x000000000000c33e       0x32 contiki-sky.a(queuebuf.o)
                0x000000000000c33e                queuebuf_to_packetbuf
 .text.queuebuf_attr
                0x000000000000c370        0xe contiki-sky.a(queuebuf.o)
                0x000000000000c370                queuebuf_attr
 .text.index_from_key
                0x000000000000c37e       0x48 contiki-sky.a(nbr-table.o)
 .text.item_from_key
                0x000000000000c3c6       0x34 contiki-sky.a(nbr-table.o)
 .text.nbr_set_bit
                0x000000000000c3fa       0x8e contiki-sky.a(nbr-table.o)
 .text.index_from_lladdr
                0x000000000000c488       0x42 contiki-sky.a(nbr-table.o)
 .text.nbr_get_bit.constprop.0
                0x000000000000c4ca       0x62 contiki-sky.a(nbr-table.o)
 .text.remove_key
                0x000000000000c52c       0x60 contiki-sky.a(nbr-table.o)
 .text.nbr_table_register
                0x000000000000c58c       0x28 contiki-sky.a(nbr-table.o)
                0x000000000000c58c                nbr_table_register
 .text.nbr_table_next
                0x000000000000c5b4       0x90 contiki-sky.a(nbr-table.o)
                0x000000000000c5b4                nbr_table_next
 .text.nbr_table_head
                0x000000000000c644       0x36 contiki-sky.a(nbr-table.o)
                0x000000000000c644                nbr_table_head
 .text.nbr_table_add_lladdr
                0x000000000000c67a      0x136 contiki-sky.a(nbr-table.o)
                0x000000000000c67a                nbr_table_add_lladdr
 .text.nbr_table_get_from_lladdr
                0x000000000000c7b0       0x48 contiki-sky.a(nbr-table.o)
                0x000000000000c7b0                nbr_table_get_from_lladdr
 .text.nbr_table_remove
                0x000000000000c7f8       0x32 contiki-sky.a(nbr-table.o)
                0x000000000000c7f8                nbr_table_remove
 .text.nbr_table_lock
                0x000000000000c82a       0x10 contiki-sky.a(nbr-table.o)
                0x000000000000c82a                nbr_table_lock
 .text.nbr_table_unlock
                0x000000000000c83a       0x10 contiki-sky.a(nbr-table.o)
                0x000000000000c83a                nbr_table_unlock
 .text.nbr_table_get_lladdr
                0x000000000000c84a       0x5a contiki-sky.a(nbr-table.o)
                0x000000000000c84a                nbr_table_get_lladdr
 .text.nbr_table_update_lladdr
                0x000000000000c8a4       0x68 contiki-sky.a(nbr-table.o)
                0x000000000000c8a4                nbr_table_update_lladdr
 .text.packetbuf_hdrreduce
                0x000000000000c90c       0x1a contiki-sky.a(packetbuf.o)
                0x000000000000c90c                packetbuf_hdrreduce
 .text.packetbuf_set_datalen
                0x000000000000c926        0x6 contiki-sky.a(packetbuf.o)
                0x000000000000c926                packetbuf_set_datalen
 .text.packetbuf_hdrptr
                0x000000000000c92c        0x6 contiki-sky.a(packetbuf.o)
                0x000000000000c92c                packetbuf_hdrptr
 .text.packetbuf_datalen
                0x000000000000c932        0x6 contiki-sky.a(packetbuf.o)
                0x000000000000c932                packetbuf_datalen
 .text.packetbuf_hdrlen
                0x000000000000c938        0xa contiki-sky.a(packetbuf.o)
                0x000000000000c938                packetbuf_hdrlen
 .text.packetbuf_dataptr
                0x000000000000c942        0xc contiki-sky.a(packetbuf.o)
                0x000000000000c942                packetbuf_dataptr
 .text.packetbuf_copyto
                0x000000000000c94e       0x46 contiki-sky.a(packetbuf.o)
                0x000000000000c94e                packetbuf_copyto
 .text.packetbuf_totlen
                0x000000000000c994        0xc contiki-sky.a(packetbuf.o)
                0x000000000000c994                packetbuf_totlen
 .text.packetbuf_hdralloc
                0x000000000000c9a0       0x3a contiki-sky.a(packetbuf.o)
                0x000000000000c9a0                packetbuf_hdralloc
 .text.packetbuf_attr_clear
                0x000000000000c9da       0x28 contiki-sky.a(packetbuf.o)
                0x000000000000c9da                packetbuf_attr_clear
 .text.packetbuf_clear
                0x000000000000ca02       0x12 contiki-sky.a(packetbuf.o)
                0x000000000000ca02                packetbuf_clear
 .text.packetbuf_copyfrom
                0x000000000000ca14       0x2e contiki-sky.a(packetbuf.o)
                0x000000000000ca14                packetbuf_copyfrom
 .text.packetbuf_attr_copyto
                0x000000000000ca42       0x22 contiki-sky.a(packetbuf.o)
                0x000000000000ca42                packetbuf_attr_copyto
 .text.packetbuf_attr_copyfrom
                0x000000000000ca64       0x24 contiki-sky.a(packetbuf.o)
                0x000000000000ca64                packetbuf_attr_copyfrom
 .text.packetbuf_holds_broadcast
                0x000000000000ca88        0xe contiki-sky.a(packetbuf.o)
                0x000000000000ca88                packetbuf_holds_broadcast
 .text.linkaddr_copy
                0x000000000000ca96        0x8 contiki-sky.a(linkaddr.o)
                0x000000000000ca96                linkaddr_copy
 .text.linkaddr_cmp
                0x000000000000ca9e       0x12 contiki-sky.a(linkaddr.o)
                0x000000000000ca9e                linkaddr_cmp
 .text.linkaddr_set_node_addr
                0x000000000000cab0        0xc contiki-sky.a(linkaddr.o)
                0x000000000000cab0                linkaddr_set_node_addr
 .text.periodic
                0x000000000000cabc       0x28 contiki-sky.a(link-stats.o)
 .text.link_stats_from_lladdr
                0x000000000000cae4        0xc contiki-sky.a(link-stats.o)
                0x000000000000cae4                link_stats_from_lladdr
 .text.link_stats_is_fresh
                0x000000000000caf0       0x30 contiki-sky.a(link-stats.o)
                0x000000000000caf0                link_stats_is_fresh
 .text.link_stats_packet_sent
                0x000000000000cb20       0xda contiki-sky.a(link-stats.o)
                0x000000000000cb20                link_stats_packet_sent
 .text.link_stats_input_callback
                0x000000000000cbfa       0xbc contiki-sky.a(link-stats.o)
                0x000000000000cbfa                link_stats_input_callback
 .text.link_stats_init
                0x000000000000ccb6       0x22 contiki-sky.a(link-stats.o)
                0x000000000000ccb6                link_stats_init
 .text.duty_cycle
                0x000000000000ccd8        0x6 contiki-sky.a(contikimac.o)
 .text.init     0x000000000000ccde       0x2a contiki-sky.a(contikimac.o)
 .text.on       0x000000000000cd08       0x1a contiki-sky.a(contikimac.o)
 .text.off      0x000000000000cd22       0x22 contiki-sky.a(contikimac.o)
 .text.recv_burst_off
                0x000000000000cd44        0xa contiki-sky.a(contikimac.o)
 .text.turn_off
                0x000000000000cd4e       0x20 contiki-sky.a(contikimac.o)
 .text.turn_on  0x000000000000cd6e       0x30 contiki-sky.a(contikimac.o)
 .text.schedule_powercycle_fixed.part.4
                0x000000000000cd9e       0x32 contiki-sky.a(contikimac.o)
 .text.powercycle_turn_radio_off
                0x000000000000cdd0       0x30 contiki-sky.a(contikimac.o)
 .text.powercycle_wrapper
                0x000000000000ce00      0x1c2 contiki-sky.a(contikimac.o)
 .text.input_packet
                0x000000000000cfc2       0xb2 contiki-sky.a(contikimac.o)
 .text.send_packet.isra.8
                0x000000000000d074      0x1ec contiki-sky.a(contikimac.o)
 .text.qsend_list
                0x000000000000d260       0xd2 contiki-sky.a(contikimac.o)
 .text.qsend_packet
                0x000000000000d332       0x28 contiki-sky.a(contikimac.o)
 .text.init     0x000000000000d35a        0x2 contiki-sky.a(nullsec.o)
 .text.send     0x000000000000d35c        0xa contiki-sky.a(nullsec.o)
 .text.input    0x000000000000d366        0x6 contiki-sky.a(nullsec.o)
 .text.spi_init
                0x000000000000d36c       0x32 contiki-sky.a(spi.o)
                0x000000000000d36c                spi_init
 .text.stimer_set
                0x000000000000d39e       0x1c contiki-sky.a(stimer.o)
                0x000000000000d39e                stimer_set
 .text.stimer_expired
                0x000000000000d3ba       0x30 contiki-sky.a(stimer.o)
                0x000000000000d3ba                stimer_expired
 .text.compower_accumulate
                0x000000000000d3ea       0x72 contiki-sky.a(compower.o)
                0x000000000000d3ea                compower_accumulate
 .text.compower_clear
                0x000000000000d45c       0x12 contiki-sky.a(compower.o)
                0x000000000000d45c                compower_clear
 .text.compower_attrconv
                0x000000000000d46e       0x10 contiki-sky.a(compower.o)
                0x000000000000d46e                compower_attrconv
 .text.memb_init
                0x000000000000d47e       0x36 contiki-sky.a(memb.o)
                0x000000000000d47e                memb_init
 .text.memb_alloc
                0x000000000000d4b4       0x3e contiki-sky.a(memb.o)
                0x000000000000d4b4                memb_alloc
 .text.memb_free
                0x000000000000d4f2       0x3a contiki-sky.a(memb.o)
                0x000000000000d4f2                memb_free
 .text.memb_inmemb
                0x000000000000d52c       0x2e contiki-sky.a(memb.o)
                0x000000000000d52c                memb_inmemb
 .text.memb_numfree
                0x000000000000d55a       0x26 contiki-sky.a(memb.o)
                0x000000000000d55a                memb_numfree
 .text.echo_reply_input
                0x000000000000d580       0xb2 contiki-sky.a(uip-icmp6.o)
 .text.echo_request_input
                0x000000000000d632       0xca contiki-sky.a(uip-icmp6.o)
 .text.uip_icmp6_input
                0x000000000000d6fc       0x44 contiki-sky.a(uip-icmp6.o)
                0x000000000000d6fc                uip_icmp6_input
 .text.uip_icmp6_register_input_handler
                0x000000000000d740        0xc contiki-sky.a(uip-icmp6.o)
                0x000000000000d740                uip_icmp6_register_input_handler
 .text.uip_icmp6_error_output
                0x000000000000d74c      0x17c contiki-sky.a(uip-icmp6.o)
                0x000000000000d74c                uip_icmp6_error_output
 .text.uip_icmp6_send
                0x000000000000d8c8       0x96 contiki-sky.a(uip-icmp6.o)
                0x000000000000d8c8                uip_icmp6_send
 .text.uip_icmp6_init
                0x000000000000d95e       0x12 contiki-sky.a(uip-icmp6.o)
                0x000000000000d95e                uip_icmp6_init
 .text.prepare_for_dao_fwd
                0x000000000000d970       0x28 contiki-sky.a(rpl-icmp6.o)
 .text.get32    0x000000000000d998       0x46 contiki-sky.a(rpl-icmp6.o)
 .text.set32    0x000000000000d9de       0x2a contiki-sky.a(rpl-icmp6.o)
 .text.get16    0x000000000000da08        0xe contiki-sky.a(rpl-icmp6.o)
 .text.set16    0x000000000000da16       0x10 contiki-sky.a(rpl-icmp6.o)
 .text.dao_ack_input
                0x000000000000da26        0xa contiki-sky.a(rpl-icmp6.o)
 .text.dio_input
                0x000000000000da30      0x2aa contiki-sky.a(rpl-icmp6.o)
 .text.rpl_icmp6_update_nbr_table
                0x000000000000dcda       0x30 contiki-sky.a(rpl-icmp6.o)
                0x000000000000dcda                rpl_icmp6_update_nbr_table
 .text.dao_input
                0x000000000000dd0a      0x29a contiki-sky.a(rpl-icmp6.o)
 .text.dis_output
                0x000000000000dfa4       0x50 contiki-sky.a(rpl-icmp6.o)
                0x000000000000dfa4                dis_output
 .text.dio_output
                0x000000000000dff4      0x276 contiki-sky.a(rpl-icmp6.o)
                0x000000000000dff4                dio_output
 .text.dis_input
                0x000000000000e26a       0x3e contiki-sky.a(rpl-icmp6.o)
 .text.dao_output_target
                0x000000000000e2a8      0x114 contiki-sky.a(rpl-icmp6.o)
                0x000000000000e2a8                dao_output_target
 .text.dao_output
                0x000000000000e3bc       0xb2 contiki-sky.a(rpl-icmp6.o)
                0x000000000000e3bc                dao_output
 .text.rpl_icmp6_register_handlers
                0x000000000000e46e       0x22 contiki-sky.a(rpl-icmp6.o)
                0x000000000000e46e                rpl_icmp6_register_handlers
 .text.update_nbr
                0x000000000000e490       0xea contiki-sky.a(rpl-nbr-policy.)
 .text.handle_periodic_timer
                0x000000000000e57a        0xe contiki-sky.a(rpl-nbr-policy.)
 .text.find_removable_dis
                0x000000000000e588       0x16 contiki-sky.a(rpl-nbr-policy.)
                0x000000000000e588                find_removable_dis
 .text.find_removable_dio
                0x000000000000e59e       0x3e contiki-sky.a(rpl-nbr-policy.)
                0x000000000000e59e                find_removable_dio
 .text.find_removable_dao
                0x000000000000e5dc       0x34 contiki-sky.a(rpl-nbr-policy.)
                0x000000000000e5dc                find_removable_dao
 .text.rpl_nbr_policy_find_removable
                0x000000000000e610       0x30 contiki-sky.a(rpl-nbr-policy.)
                0x000000000000e610                rpl_nbr_policy_find_removable
 .text.mac_sequence_is_duplicate
                0x000000000000e640       0x6e contiki-sky.a(mac-sequence.o)
                0x000000000000e640                mac_sequence_is_duplicate
 .text.mac_sequence_register_seqno
                0x000000000000e6ae       0x88 contiki-sky.a(mac-sequence.o)
                0x000000000000e6ae                mac_sequence_register_seqno
 .text.libgcc   0x000000000000e736       0x2c /usr/lib/gcc/msp430/4.6.3/mmpy-16/libgcc.a(_mulsi3.o)
                0x000000000000e736                __mulsi3
 .text.libgcc   0x000000000000e762       0x22 /usr/lib/gcc/msp430/4.6.3/mmpy-16/libgcc.a(_udivmod16.o)
                0x000000000000e762                __udivhi3
                0x000000000000e762                __ext_udivmod16
                0x000000000000e77c                __umodhi3
 .text.libgcc   0x000000000000e784       0x3a /usr/lib/gcc/msp430/4.6.3/mmpy-16/libgcc.a(_divmod16.o)
                0x000000000000e784                __ext_divmod16
                0x000000000000e784                __divhi3
                0x000000000000e7b6                __modhi3
 .text.libgcc   0x000000000000e7be       0x40 /usr/lib/gcc/msp430/4.6.3/mmpy-16/libgcc.a(_udivmod32.o)
                0x000000000000e7be                __udivsi3
                0x000000000000e7be                __ext_udivmod32
                0x000000000000e7f4                __umodsi3
 .text.libgcc   0x000000000000e7fe       0x4c /usr/lib/gcc/msp430/4.6.3/mmpy-16/libgcc.a(_divmod32.o)
                0x000000000000e7fe                __ext_divmod32
                0x000000000000e7fe                __divsi3
                0x000000000000e840                __modsi3
 .text          0x000000000000e84a       0x20 /usr/lib/gcc/msp430/4.6.3/../../../../msp430/lib/mmpy-16/libc.a(memcmp.o)
                0x000000000000e84a                memcmp
 .text          0x000000000000e86a       0xfa /usr/lib/gcc/msp430/4.6.3/../../../../msp430/lib/mmpy-16/libc.a(memcpy.o)
                0x000000000000e86a                memcpy
 .text          0x000000000000e964       0xfa /usr/lib/gcc/msp430/4.6.3/../../../../msp430/lib/mmpy-16/libc.a(memmove.o)
                0x000000000000e964                memmove
 .text          0x000000000000ea5e       0x6a /usr/lib/gcc/msp430/4.6.3/../../../../msp430/lib/mmpy-16/libc.a(memset.o)
                0x000000000000ea5e                memset
 .text          0x000000000000eac8       0x1e /usr/lib/gcc/msp430/4.6.3/../../../../msp430/lib/mmpy-16/libc.a(printf.o)
                0x000000000000eac8                printf
                0x000000000000ead8                vprintf
 .text          0x000000000000eae6      0x836 /usr/lib/gcc/msp430/4.6.3/../../../../msp430/lib/mmpy-16/libc.a(vuprintf.o)
                0x000000000000ec7e                vuprintf
 .text          0x000000000000f31c       0x2c /usr/lib/gcc/msp430/4.6.3/../../../../msp430/lib/mmpy-16/libc.a(puts.o)
                0x000000000000f31c                puts
 .text          0x000000000000f348       0x54 /usr/lib/gcc/msp430/4.6.3/../../../../msp430/lib/mmpy-16/libc.a(rand.o)
                0x000000000000f348                rand_r
                0x000000000000f36c                rand
                0x000000000000f392                srand
 .text.libgcc   0x000000000000f39c       0xf0 /usr/lib/gcc/msp430/4.6.3/mmpy-16/libgcc.a(_udivmod64.o)
                0x000000000000f39c                __xabi_udivmod64
                0x000000000000f3fa                __udivdi3
                0x000000000000f420                __umoddi3
                0x000000000000f44e                __udivmoddi4
 .text.crt0     0x000000000000f48c        0x2 /usr/lib/gcc/msp430/4.6.3/mmpy-16/libcrt0.a(_unexpected_.o)
                0x000000000000f48c                _unexpected_
                0x000000000000f48e                . = ALIGN (0x2)

.rodata         0x000000000000f48e      0x2dc
                0x000000000000f48e                . = ALIGN (0x2)
 *(.rodata .rodata.* .gnu.linkonce.r.*)
 .rodata        0x000000000000f48e       0x36 pollhandler.co
                0x000000000000f4ac                autostart_processes
 .rodata        0x000000000000f4c4      0x130 obj_sky/contiki-sky-main.o
 .rodata        0x000000000000f5f4       0x10 contiki-sky.a(button-sensor.o)
                0x000000000000f5fc                button_sensor
 .rodata        0x000000000000f604        0x8 contiki-sky.a(sensors.o)
 .rodata        0x000000000000f60c       0x70 contiki-sky.a(cc2420.o)
                0x000000000000f63e                cc2420_aes_128_driver
                0x000000000000f642                cc2420_driver
 .rodata        0x000000000000f67c        0xf contiki-sky.a(ctimer.o)
 .rodata        0x000000000000f68b        0xc contiki-sky.a(etimer.o)
 *fill*         0x000000000000f697        0x1 00
 .rodata        0x000000000000f698       0x20 contiki-sky.a(uip6.o)
 .rodata        0x000000000000f6b8       0x24 contiki-sky.a(sicslowpan.o)
                0x000000000000f6c4                sicslowpan_driver
                0x000000000000f6ca                llprefix
                0x000000000000f6cc                unc_mxconf
                0x000000000000f6d0                unc_ctxconf
                0x000000000000f6d4                unc_llconf
 .rodata        0x000000000000f6dc       0x28 contiki-sky.a(uip-debug.o)
 .rodata        0x000000000000f704        0xd contiki-sky.a(tcpip.o)
 *fill*         0x000000000000f711        0x1 00
 .rodata        0x000000000000f712        0x6 contiki-sky.a(framer-802154.o)
                0x000000000000f712                framer_802154
 .rodata        0x000000000000f718       0x14 contiki-sky.a(csma.o)
                0x000000000000f71e                csma_driver
 .rodata        0x000000000000f72c        0x2 contiki-sky.a(frame802154.o)
 .rodata        0x000000000000f72e        0x8 contiki-sky.a(linkaddr.o)
                0x000000000000f72e                linkaddr_null
 .rodata        0x000000000000f736       0x1c contiki-sky.a(contikimac.o)
                0x000000000000f742                contikimac_driver
 .rodata        0x000000000000f752       0x10 contiki-sky.a(nullsec.o)
                0x000000000000f75a                nullsec_driver
 .rodata        0x000000000000f762        0x7 /usr/lib/gcc/msp430/4.6.3/../../../../msp430/lib/mmpy-16/libc.a(vuprintf.o)
                0x000000000000f76a                . = ALIGN (0x2)
 *fill*         0x000000000000f769        0x1 00
                0x000000000000f76a                _etext = .

.data           0x0000000000001100       0xf6 load address 0x000000000000f76a
                0x0000000000001100                . = ALIGN (0x2)
                0x0000000000001100                PROVIDE (__data_start, .)
 *(.data .data.* .gnu.linkonce.d.*)
 .data          0x0000000000001100        0xa pollhandler.co
                0x0000000000001100                example_pollhandler
 .data          0x000000000000110a        0x4 contiki-sky.a(contiki-sky-pla)
                0x000000000000110a                sensors
 .data          0x000000000000110e        0xa contiki-sky.a(sensors.o)
                0x000000000000110e                sensors_process
 .data          0x0000000000001118        0xc contiki-sky.a(cc2420.o)
                0x0000000000001118                cc2420_process
 .data          0x0000000000001124        0x2 contiki-sky.a(msp430.o)
 .data          0x0000000000001126        0xa contiki-sky.a(ctimer.o)
                0x0000000000001126                ctimer_process
 .data          0x0000000000001130        0xa contiki-sky.a(etimer.o)
                0x0000000000001130                etimer_process
 .data          0x000000000000113a       0x22 contiki-sky.a(uip-ds6-route.o)
                0x000000000000113a                nbr_routes
 .data          0x000000000000115c        0xa contiki-sky.a(uip-ds6-nbr.o)
                0x000000000000115c                ds6_neighbors
 .data          0x0000000000001166        0x6 contiki-sky.a(uip-nd6.o)
 .data          0x000000000000116c        0xa contiki-sky.a(tcpip.o)
                0x000000000000116c                tcpip_process
 .data          0x0000000000001176        0xa contiki-sky.a(rpl-dag.o)
                0x0000000000001176                rpl_parents
 .data          0x0000000000001180       0x12 contiki-sky.a(rpl-mrhof.o)
                0x0000000000001180                rpl_mrhof
 .data          0x0000000000001192       0x18 contiki-sky.a(csma.o)
 .data          0x00000000000011aa        0x2 contiki-sky.a(frame802154.o)
 .data          0x00000000000011ac       0x10 contiki-sky.a(queuebuf.o)
 .data          0x00000000000011bc        0x8 contiki-sky.a(nbr-table.o)
 .data          0x00000000000011c4        0x8 contiki-sky.a(link-stats.o)
 .data          0x00000000000011cc        0xc contiki-sky.a(uip-icmp6.o)
 .data          0x00000000000011d8       0x1a contiki-sky.a(rpl-icmp6.o)
 .data          0x00000000000011f2        0x4 /usr/lib/gcc/msp430/4.6.3/../../../../msp430/lib/mmpy-16/libc.a(rand.o)
                0x00000000000011f6                . = ALIGN (0x2)
                0x00000000000011f6                _edata = .
                0x000000000000f76a                PROVIDE (__data_load_start, LOADADDR (.data))
                0x00000000000000f6                PROVIDE (__data_size, SIZEOF (.data))

.bss            0x00000000000011f6     0x1cb4 load address 0x000000000000f860
                0x00000000000011f6                PROVIDE (__bss_start, .)
 *(.bss .bss.*)
 .bss           0x00000000000011f6        0xc obj_sky/contiki-sky-main.o
 .bss           0x0000000000001202        0x8 contiki-sky.a(button-sensor.o)
 .bss           0x000000000000120a        0x2 contiki-sky.a(node-id.o)
                0x000000000000120a                node_id
 .bss           0x000000000000120c        0x6 contiki-sky.a(sensors.o)
 .bss           0x0000000000001212        0xa contiki-sky.a(cc2420.o)
 .bss           0x000000000000121c       0x9a contiki-sky.a(uart1.o)
 .bss           0x00000000000012b6        0xa contiki-sky.a(clock.o)
 .bss           0x00000000000012c0        0x1 contiki-sky.a(leds.o)
 *fill*         0x00000000000012c1        0x1 00
 .bss           0x00000000000012c2        0x2 contiki-sky.a(watchdog.o)
 .bss           0x00000000000012c4        0x4 contiki-sky.a(ctimer.o)
 .bss           0x00000000000012c8        0x6 contiki-sky.a(etimer.o)
 .bss           0x00000000000012ce       0x38 contiki-sky.a(process.o)
                0x00000000000012ce                process_current
                0x00000000000012d0                process_list
 .bss           0x0000000000001306        0x2 contiki-sky.a(rtimer.o)
 .bss           0x0000000000001308       0x18 contiki-sky.a(uip-ds6.o)
 .bss           0x0000000000001320      0x2e2 contiki-sky.a(uip-ds6-route.o)
 .bss           0x0000000000001602        0xc contiki-sky.a(uip6.o)
                0x0000000000001602                uip_ext_opt_offset
                0x0000000000001604                uip_ext_len
                0x0000000000001606                uip_ext_bitmap
 .bss           0x000000000000160e      0x120 contiki-sky.a(uip-ds6-nbr.o)
 .bss           0x000000000000172e        0x8 contiki-sky.a(uip-nd6.o)
 .bss           0x0000000000001736      0x6e6 contiki-sky.a(sicslowpan.o)
 .bss           0x0000000000001e1c       0x30 contiki-sky.a(tcpip.o)
 .bss           0x0000000000001e4c       0x60 contiki-sky.a(rpl-dag.o)
 .bss           0x0000000000001eac       0x18 contiki-sky.a(rpl-timers.o)
 .bss           0x0000000000001ec4        0x2 contiki-sky.a(rpl.o)
 .bss           0x0000000000001ec6        0x2 contiki-sky.a(framer-802154.o)
 .bss           0x0000000000001ec8       0xc0 contiki-sky.a(csma.o)
 .bss           0x0000000000001f88      0x5a0 contiki-sky.a(queuebuf.o)
 .bss           0x0000000000002528       0xe4 contiki-sky.a(nbr-table.o)
 .bss           0x000000000000260c       0x86 contiki-sky.a(packetbuf.o)
 .bss           0x0000000000002692       0xa0 contiki-sky.a(link-stats.o)
 .bss           0x0000000000002732       0x32 contiki-sky.a(contikimac.o)
 .bss           0x0000000000002764        0x8 contiki-sky.a(compower.o)
 .bss           0x000000000000276c       0x14 contiki-sky.a(uip-icmp6.o)
 .bss           0x0000000000002780       0x20 contiki-sky.a(rpl-nbr-policy.)
 .bss           0x00000000000027a0       0xe0 contiki-sky.a(mac-sequence.o)
 *(COMMON)
 COMMON         0x0000000000002880        0x2 contiki-sky.a(contiki-sky-pla)
                0x0000000000002880                sensors_flags
 COMMON         0x0000000000002882        0x8 contiki-sky.a(ds2411.o)
                0x0000000000002882                ds2411_id
 COMMON         0x000000000000288a        0x1 contiki-sky.a(sensors.o)
                0x000000000000288a                sensors_event
 *fill*         0x000000000000288b        0x1 00
 COMMON         0x000000000000288c       0x10 contiki-sky.a(cc2420.o)
                0x000000000000288c                cc2420_last_rssi
                0x000000000000288e                cc2420_sfd_start_time
                0x0000000000002890                cc2420_time_of_departure
                0x0000000000002892                cc2420_time_of_arrival
                0x0000000000002894                cc2420_last_correlation
                0x0000000000002896                cc2420_authority_level_of_sender
                0x0000000000002898                cc2420_sfd_counter
                0x000000000000289a                cc2420_sfd_end_time
 COMMON         0x000000000000289c        0x2 contiki-sky.a(msp430.o)
                0x000000000000289c                msp430_dco_required
 COMMON         0x000000000000289e       0x56 contiki-sky.a(energest.o)
                0x000000000000289e                energest_total_time
                0x00000000000028ce                energest_total_count
                0x00000000000028d0                energest_current_mode
                0x00000000000028dc                energest_current_time
 COMMON         0x00000000000028f4        0x1 contiki-sky.a(process.o)
                0x00000000000028f4                process_maxevents
 *fill*         0x00000000000028f5        0x1 00
 COMMON         0x00000000000028f6      0x15c contiki-sky.a(uip-ds6.o)
                0x00000000000028f6                uip_ds6_timer_ra
                0x00000000000028fe                uip_ds6_if
                0x00000000000029ea                uip_ds6_netif_addr_list_offset
                0x00000000000029eb                uip_ds6_addr_size
                0x00000000000029ec                uip_ds6_prefix_list
                0x0000000000002a46                uip_ds6_timer_periodic
 COMMON         0x0000000000002a52      0x304 contiki-sky.a(uip6.o)
                0x0000000000002a52                uip_len
                0x0000000000002a54                uip_sappdata
                0x0000000000002a56                uip_acc32
                0x0000000000002a5a                uip_lladdr
                0x0000000000002a62                uip_aligned_buf
                0x0000000000002b52                uip_flags
                0x0000000000002b54                uip_next_hdr
                0x0000000000002b56                uip_udp_conn
                0x0000000000002b58                uip_appdata
                0x0000000000002b5a                uip_conn
                0x0000000000002b5c                uip_conns
                0x0000000000002c0c                uip_listenports
                0x0000000000002c1c                uip_slen
                0x0000000000002c1e                uip_udp_conns
 COMMON         0x0000000000002d56        0x1 contiki-sky.a(tcpip.o)
                0x0000000000002d56                tcpip_event
 *fill*         0x0000000000002d57        0x1 00
 COMMON         0x0000000000002d58      0x100 contiki-sky.a(rpl-dag.o)
                0x0000000000002d58                default_instance
                0x0000000000002d5a                instance_table
 COMMON         0x0000000000002e58       0x2e contiki-sky.a(packetbuf.o)
                0x0000000000002e58                packetbuf_addrs
                0x0000000000002e68                packetbuf_attrs
 COMMON         0x0000000000002e86        0x8 contiki-sky.a(linkaddr.o)
                0x0000000000002e86                linkaddr_node_addr
 COMMON         0x0000000000002e8e       0x14 contiki-sky.a(link-stats.o)
                0x0000000000002e8e                periodic_timer
 COMMON         0x0000000000002ea2        0x8 contiki-sky.a(compower.o)
                0x0000000000002ea2                compower_idle_activity
                0x0000000000002eaa                . = ALIGN (0x2)
                0x0000000000002eaa                PROVIDE (__bss_end, .)
                0x0000000000001cb4                PROVIDE (__bss_size, SIZEOF (.bss))

.noinit         0x0000000000002eaa        0x2 load address 0x000000000000f860
                0x0000000000002eaa                PROVIDE (__noinit_start, .)
 *(.noinit .noinit.*)
 .noinit.crt0   0x0000000000002eaa        0x2 /usr/lib/gcc/msp430/4.6.3/mmpy-16/libcrt0.a(__watchdog_support.o)
                0x0000000000002eaa                __wdt_clear_value
                0x0000000000002eac                . = ALIGN (0x2)
                0x0000000000002eac                PROVIDE (__noinit_end, .)
                0x0000000000002eac                . = ALIGN (0x2)
                0x0000000000002eac                _end = .

.infomem        0x0000000000001000        0x0
 *(.infomem)
                0x0000000000001000                . = ALIGN (0x2)
 *(.infomem.*)

.infomemnobits  0x0000000000001000        0x0
 *(.infomemnobits)
                0x0000000000001000                . = ALIGN (0x2)
 *(.infomemnobits.*)

.infoa
 *(.infoa .infoa.*)

.infob
 *(.infob .infob.*)

.infoc
 *(.infoc .infoc.*)

.infod
 *(.infod .infod.*)

.vectors        0x000000000000ffe0       0x20
                0x000000000000ffe0                PROVIDE (__vectors_start, .)
 *(.vectors*)
 .vectors       0x000000000000ffe0       0x20 /usr/lib/gcc/msp430/4.6.3/mmpy-16/crt0ivtbl16.o
                0x000000000000ffe0                __ivtbl_16
                0x0000000000010000                _vectors_end = .

.fartext        0x0000000000000000        0x0
                0x0000000000000000                . = ALIGN (0x2)
 *(.fartext)
                0x0000000000000000                . = ALIGN (0x2)
 *(.fartext.*)
                0x0000000000000000                _efartext = .

.profiler
 *(.profiler)

.stab           0x0000000000000000    0x2a750
 *(.stab)
 .stab          0x0000000000000000      0x7ec pollhandler.co
 .stab          0x00000000000007ec     0x17b8 obj_sky/contiki-sky-main.o
                                       0x1b30 (size before relaxing)
 .stab          0x0000000000001fa4      0x264 contiki-sky.a(contiki-sky-pla)
                                        0x5b8 (size before relaxing)
 .stab          0x0000000000002208      0x468 contiki-sky.a(button-sensor.o)
                                        0x7d4 (size before relaxing)
 .stab          0x0000000000002670      0x630 contiki-sky.a(ds2411.o)
                                        0xb40 (size before relaxing)
 .stab          0x0000000000002ca0      0xa38 contiki-sky.a(xmem.o)
                                        0xf60 (size before relaxing)
 .stab          0x00000000000036d8      0x2b8 contiki-sky.a(node-id.o)
                                        0x4e0 (size before relaxing)
 .stab          0x0000000000003990      0x654 contiki-sky.a(sensors.o)
                                        0xb70 (size before relaxing)
 .stab          0x0000000000003fe4     0x28bc contiki-sky.a(cc2420.o)
                                       0x2fe8 (size before relaxing)
 .stab          0x00000000000068a0      0xd44 contiki-sky.a(cc2420-arch.o)
                                       0x1734 (size before relaxing)
 .stab          0x00000000000075e4      0x60c contiki-sky.a(uart1.o)
                                        0x960 (size before relaxing)